::1 - - [06/Jun/2019:03:23:38 +0000] "GET /locations/Recreation/?name=Swimming%20pool HTTP/1.1" 304 - "-" "Mozilla/5.0 (Macintosh; Intel Mac OS X 10_14_5) AppleWebKit/537.36 (KHTML, like Gecko) Chrome/74.0.3729.169 Safari/537.36"
::1 - - [06/Jun/2019:03:23:39 +0000] "GET /favicon.ico HTTP/1.1" 200 40 "http://localhost:3000/locations/Recreation/?name=Swimming%20pool" "Mozilla/5.0 (Macintosh; Intel Mac OS X 10_14_5) AppleWebKit/537.36 (KHTML, like Gecko) Chrome/74.0.3729.169 Safari/537.36"
::1 - - [06/Jun/2019:03:23:50 +0000] "GET /locations/Recreation/?name=Swimming%20pool HTTP/1.1" 200 150 "-" "Mozilla/5.0 (Macintosh; Intel Mac OS X 10_14_5) AppleWebKit/537.36 (KHTML, like Gecko) Chrome/74.0.3729.169 Safari/537.36"
::1 - - [06/Jun/2019:03:23:51 +0000] "GET /favicon.ico HTTP/1.1" 200 40 "http://localhost:3000/locations/Recreation/?name=Swimming%20pool" "Mozilla/5.0 (Macintosh; Intel Mac OS X 10_14_5) AppleWebKit/537.36 (KHTML, like Gecko) Chrome/74.0.3729.169 Safari/537.36"
::1 - - [06/Jun/2019:12:22:08 +0000] "GET /restaurants HTTP/1.1" 200 2 "-" "Mozilla/5.0 (Macintosh; Intel Mac OS X 10_14_5) AppleWebKit/537.36 (KHTML, like Gecko) Chrome/74.0.3729.169 Safari/537.36"
::1 - - [06/Jun/2019:12:22:09 +0000] "GET /favicon.ico HTTP/1.1" 200 40 "http://localhost:3000/restaurants" "Mozilla/5.0 (Macintosh; Intel Mac OS X 10_14_5) AppleWebKit/537.36 (KHTML, like Gecko) Chrome/74.0.3729.169 Safari/537.36"
::1 - - [06/Jun/2019:12:22:24 +0000] "GET /restaurants HTTP/1.1" 200 435 "-" "Mozilla/5.0 (Macintosh; Intel Mac OS X 10_14_5) AppleWebKit/537.36 (KHTML, like Gecko) Chrome/74.0.3729.169 Safari/537.36"
::1 - - [06/Jun/2019:12:22:24 +0000] "GET /favicon.ico HTTP/1.1" 200 40 "http://localhost:3000/restaurants" "Mozilla/5.0 (Macintosh; Intel Mac OS X 10_14_5) AppleWebKit/537.36 (KHTML, like Gecko) Chrome/74.0.3729.169 Safari/537.36"
::1 - - [06/Jun/2019:12:23:02 +0000] "GET /restaurants HTTP/1.1" 200 2 "-" "Mozilla/5.0 (Macintosh; Intel Mac OS X 10_14_5) AppleWebKit/537.36 (KHTML, like Gecko) Chrome/74.0.3729.169 Safari/537.36"
::1 - - [06/Jun/2019:12:23:02 +0000] "GET /favicon.ico HTTP/1.1" 200 40 "http://localhost:3000/restaurants" "Mozilla/5.0 (Macintosh; Intel Mac OS X 10_14_5) AppleWebKit/537.36 (KHTML, like Gecko) Chrome/74.0.3729.169 Safari/537.36"
::1 - - [06/Jun/2019:12:23:29 +0000] "GET /restaurants HTTP/1.1" 200 1614 "-" "Mozilla/5.0 (Macintosh; Intel Mac OS X 10_14_5) AppleWebKit/537.36 (KHTML, like Gecko) Chrome/74.0.3729.169 Safari/537.36"
::1 - - [06/Jun/2019:12:23:30 +0000] "GET /favicon.ico HTTP/1.1" 200 40 "http://localhost:3000/restaurants" "Mozilla/5.0 (Macintosh; Intel Mac OS X 10_14_5) AppleWebKit/537.36 (KHTML, like Gecko) Chrome/74.0.3729.169 Safari/537.36"
::1 - - [06/Jun/2019:12:23:51 +0000] "GET /restaurants HTTP/1.1" 200 2 "-" "Mozilla/5.0 (Macintosh; Intel Mac OS X 10_14_5) AppleWebKit/537.36 (KHTML, like Gecko) Chrome/74.0.3729.169 Safari/537.36"
::1 - - [06/Jun/2019:12:23:51 +0000] "GET /favicon.ico HTTP/1.1" 200 40 "http://localhost:3000/restaurants" "Mozilla/5.0 (Macintosh; Intel Mac OS X 10_14_5) AppleWebKit/537.36 (KHTML, like Gecko) Chrome/74.0.3729.169 Safari/537.36"
::1 - - [06/Jun/2019:12:24:08 +0000] "GET /restaurants HTTP/1.1" - - "-" "Mozilla/5.0 (Macintosh; Intel Mac OS X 10_14_5) AppleWebKit/537.36 (KHTML, like Gecko) Chrome/74.0.3729.169 Safari/537.36"
::1 - - [06/Jun/2019:12:24:09 +0000] "GET /restaurants HTTP/1.1" 200 2 "-" "Mozilla/5.0 (Macintosh; Intel Mac OS X 10_14_5) AppleWebKit/537.36 (KHTML, like Gecko) Chrome/74.0.3729.169 Safari/537.36"
::1 - - [06/Jun/2019:12:24:09 +0000] "GET /favicon.ico HTTP/1.1" 200 40 "http://localhost:3000/restaurants" "Mozilla/5.0 (Macintosh; Intel Mac OS X 10_14_5) AppleWebKit/537.36 (KHTML, like Gecko) Chrome/74.0.3729.169 Safari/537.36"
::1 - - [06/Jun/2019:12:24:53 +0000] "GET /restaurants HTTP/1.1" 200 1614 "-" "Mozilla/5.0 (Macintosh; Intel Mac OS X 10_14_5) AppleWebKit/537.36 (KHTML, like Gecko) Chrome/74.0.3729.169 Safari/537.36"
::1 - - [06/Jun/2019:12:24:54 +0000] "GET /favicon.ico HTTP/1.1" 200 40 "http://localhost:3000/restaurants" "Mozilla/5.0 (Macintosh; Intel Mac OS X 10_14_5) AppleWebKit/537.36 (KHTML, like Gecko) Chrome/74.0.3729.169 Safari/537.36"
::1 - - [06/Jun/2019:12:25:00 +0000] "GET /restaurants HTTP/1.1" 304 - "-" "Mozilla/5.0 (Macintosh; Intel Mac OS X 10_14_5) AppleWebKit/537.36 (KHTML, like Gecko) Chrome/74.0.3729.169 Safari/537.36"
::1 - - [06/Jun/2019:12:25:00 +0000] "GET /favicon.ico HTTP/1.1" 200 40 "http://localhost:3000/restaurants" "Mozilla/5.0 (Macintosh; Intel Mac OS X 10_14_5) AppleWebKit/537.36 (KHTML, like Gecko) Chrome/74.0.3729.169 Safari/537.36"
::1 - - [06/Jun/2019:12:25:44 +0000] "GET /restaurants HTTP/1.1" 200 1614 "-" "Mozilla/5.0 (Macintosh; Intel Mac OS X 10_14_5) AppleWebKit/537.36 (KHTML, like Gecko) Chrome/74.0.3729.169 Safari/537.36"
::1 - - [06/Jun/2019:12:25:44 +0000] "GET /favicon.ico HTTP/1.1" 200 40 "http://localhost:3000/restaurants" "Mozilla/5.0 (Macintosh; Intel Mac OS X 10_14_5) AppleWebKit/537.36 (KHTML, like Gecko) Chrome/74.0.3729.169 Safari/537.36"
::1 - - [06/Jun/2019:12:26:20 +0000] "GET /restaurants HTTP/1.1" - - "-" "Mozilla/5.0 (Macintosh; Intel Mac OS X 10_14_5) AppleWebKit/537.36 (KHTML, like Gecko) Chrome/74.0.3729.169 Safari/537.36"
::1 - - [06/Jun/2019:12:26:20 +0000] "GET /restaurants HTTP/1.1" 200 1614 "-" "Mozilla/5.0 (Macintosh; Intel Mac OS X 10_14_5) AppleWebKit/537.36 (KHTML, like Gecko) Chrome/74.0.3729.169 Safari/537.36"
::1 - - [06/Jun/2019:12:26:20 +0000] "GET /favicon.ico HTTP/1.1" 200 40 "http://localhost:3000/restaurants" "Mozilla/5.0 (Macintosh; Intel Mac OS X 10_14_5) AppleWebKit/537.36 (KHTML, like Gecko) Chrome/74.0.3729.169 Safari/537.36"
::1 - - [06/Jun/2019:12:27:30 +0000] "GET /restaurants HTTP/1.1" 200 2 "-" "Mozilla/5.0 (Macintosh; Intel Mac OS X 10_14_5) AppleWebKit/537.36 (KHTML, like Gecko) Chrome/74.0.3729.169 Safari/537.36"
::1 - - [06/Jun/2019:12:27:31 +0000] "GET /favicon.ico HTTP/1.1" 304 - "http://localhost:3000/restaurants" "Mozilla/5.0 (Macintosh; Intel Mac OS X 10_14_5) AppleWebKit/537.36 (KHTML, like Gecko) Chrome/74.0.3729.169 Safari/537.36"
::1 - - [06/Jun/2019:12:27:44 +0000] "GET /restaurants HTTP/1.1" 200 5045 "-" "Mozilla/5.0 (Macintosh; Intel Mac OS X 10_14_5) AppleWebKit/537.36 (KHTML, like Gecko) Chrome/74.0.3729.169 Safari/537.36"
::1 - - [06/Jun/2019:12:27:44 +0000] "GET /favicon.ico HTTP/1.1" 200 40 "http://localhost:3000/restaurants" "Mozilla/5.0 (Macintosh; Intel Mac OS X 10_14_5) AppleWebKit/537.36 (KHTML, like Gecko) Chrome/74.0.3729.169 Safari/537.36"
::1 - - [06/Jun/2019:12:29:18 +0000] "GET /restaurants HTTP/1.1" - - "-" "Mozilla/5.0 (Macintosh; Intel Mac OS X 10_14_5) AppleWebKit/537.36 (KHTML, like Gecko) Chrome/74.0.3729.169 Safari/537.36"
::1 - - [06/Jun/2019:12:29:48 +0000] "GET /restaurants HTTP/1.1" 200 5045 "-" "Mozilla/5.0 (Macintosh; Intel Mac OS X 10_14_5) AppleWebKit/537.36 (KHTML, like Gecko) Chrome/74.0.3729.169 Safari/537.36"
::1 - - [06/Jun/2019:12:29:49 +0000] "GET /favicon.ico HTTP/1.1" 200 40 "http://localhost:3000/restaurants" "Mozilla/5.0 (Macintosh; Intel Mac OS X 10_14_5) AppleWebKit/537.36 (KHTML, like Gecko) Chrome/74.0.3729.169 Safari/537.36"
::1 - - [06/Jun/2019:12:30:31 +0000] "GET /restaurants HTTP/1.1" - - "-" "Mozilla/5.0 (Macintosh; Intel Mac OS X 10_14_5) AppleWebKit/537.36 (KHTML, like Gecko) Chrome/74.0.3729.169 Safari/537.36"
::1 - - [06/Jun/2019:12:30:32 +0000] "GET /restaurants HTTP/1.1" - - "-" "Mozilla/5.0 (Macintosh; Intel Mac OS X 10_14_5) AppleWebKit/537.36 (KHTML, like Gecko) Chrome/74.0.3729.169 Safari/537.36"
::1 - - [06/Jun/2019:12:31:47 +0000] "GET /restaurants HTTP/1.1" - - "-" "Mozilla/5.0 (Macintosh; Intel Mac OS X 10_14_5) AppleWebKit/537.36 (KHTML, like Gecko) Chrome/74.0.3729.169 Safari/537.36"
::1 - - [06/Jun/2019:12:31:47 +0000] "GET /restaurants HTTP/1.1" 200 2 "-" "Mozilla/5.0 (Macintosh; Intel Mac OS X 10_14_5) AppleWebKit/537.36 (KHTML, like Gecko) Chrome/74.0.3729.169 Safari/537.36"
::1 - - [06/Jun/2019:12:31:48 +0000] "GET /favicon.ico HTTP/1.1" 200 40 "http://localhost:3000/restaurants" "Mozilla/5.0 (Macintosh; Intel Mac OS X 10_14_5) AppleWebKit/537.36 (KHTML, like Gecko) Chrome/74.0.3729.169 Safari/537.36"
::1 - - [06/Jun/2019:12:32:34 +0000] "GET /restaurants HTTP/1.1" 200 5045 "-" "Mozilla/5.0 (Macintosh; Intel Mac OS X 10_14_5) AppleWebKit/537.36 (KHTML, like Gecko) Chrome/74.0.3729.169 Safari/537.36"
::1 - - [06/Jun/2019:12:32:34 +0000] "GET /favicon.ico HTTP/1.1" 200 40 "http://localhost:3000/restaurants" "Mozilla/5.0 (Macintosh; Intel Mac OS X 10_14_5) AppleWebKit/537.36 (KHTML, like Gecko) Chrome/74.0.3729.169 Safari/537.36"
::1 - - [06/Jun/2019:12:33:19 +0000] "GET /restaurants HTTP/1.1" 200 382594 "-" "Mozilla/5.0 (Macintosh; Intel Mac OS X 10_14_5) AppleWebKit/537.36 (KHTML, like Gecko) Chrome/74.0.3729.169 Safari/537.36"
::1 - - [06/Jun/2019:12:33:21 +0000] "GET /favicon.ico HTTP/1.1" 200 40 "http://localhost:3000/restaurants" "Mozilla/5.0 (Macintosh; Intel Mac OS X 10_14_5) AppleWebKit/537.36 (KHTML, like Gecko) Chrome/74.0.3729.169 Safari/537.36"
::1 - - [06/Jun/2019:12:34:05 +0000] "GET /restaurants HTTP/1.1" - - "-" "Mozilla/5.0 (Macintosh; Intel Mac OS X 10_14_5) AppleWebKit/537.36 (KHTML, like Gecko) Chrome/74.0.3729.169 Safari/537.36"
::1 - - [06/Jun/2019:12:34:07 +0000] "GET /restaurants HTTP/1.1" - - "-" "Mozilla/5.0 (Macintosh; Intel Mac OS X 10_14_5) AppleWebKit/537.36 (KHTML, like Gecko) Chrome/74.0.3729.169 Safari/537.36"
::1 - - [06/Jun/2019:12:34:10 +0000] "GET /restaurants HTTP/1.1" - - "-" "Mozilla/5.0 (Macintosh; Intel Mac OS X 10_14_5) AppleWebKit/537.36 (KHTML, like Gecko) Chrome/74.0.3729.169 Safari/537.36"
::1 - - [06/Jun/2019:12:34:12 +0000] "GET /restaurants HTTP/1.1" - - "-" "Mozilla/5.0 (Macintosh; Intel Mac OS X 10_14_5) AppleWebKit/537.36 (KHTML, like Gecko) Chrome/74.0.3729.169 Safari/537.36"
::1 - - [06/Jun/2019:12:34:29 +0000] "GET /restaurants HTTP/1.1" - - "-" "Mozilla/5.0 (Macintosh; Intel Mac OS X 10_14_5) AppleWebKit/537.36 (KHTML, like Gecko) Chrome/74.0.3729.169 Safari/537.36"
::1 - - [06/Jun/2019:12:34:29 +0000] "GET /restaurants HTTP/1.1" 200 1001 "-" "Mozilla/5.0 (Macintosh; Intel Mac OS X 10_14_5) AppleWebKit/537.36 (KHTML, like Gecko) Chrome/74.0.3729.169 Safari/537.36"
::1 - - [06/Jun/2019:12:34:30 +0000] "GET /favicon.ico HTTP/1.1" 200 40 "http://localhost:3000/restaurants" "Mozilla/5.0 (Macintosh; Intel Mac OS X 10_14_5) AppleWebKit/537.36 (KHTML, like Gecko) Chrome/74.0.3729.169 Safari/537.36"
::1 - - [06/Jun/2019:12:34:53 +0000] "GET /restaurants HTTP/1.1" - - "-" "Mozilla/5.0 (Macintosh; Intel Mac OS X 10_14_5) AppleWebKit/537.36 (KHTML, like Gecko) Chrome/74.0.3729.169 Safari/537.36"
::1 - - [06/Jun/2019:12:36:22 +0000] "GET /restaurants HTTP/1.1" 200 4775 "-" "Mozilla/5.0 (Macintosh; Intel Mac OS X 10_14_5) AppleWebKit/537.36 (KHTML, like Gecko) Chrome/74.0.3729.169 Safari/537.36"
::1 - - [06/Jun/2019:12:36:23 +0000] "GET /favicon.ico HTTP/1.1" 200 40 "http://localhost:3000/restaurants" "Mozilla/5.0 (Macintosh; Intel Mac OS X 10_14_5) AppleWebKit/537.36 (KHTML, like Gecko) Chrome/74.0.3729.169 Safari/537.36"
::1 - - [06/Jun/2019:12:36:59 +0000] "GET /restaurants HTTP/1.1" 200 2 "-" "Mozilla/5.0 (Macintosh; Intel Mac OS X 10_14_5) AppleWebKit/537.36 (KHTML, like Gecko) Chrome/74.0.3729.169 Safari/537.36"
::1 - - [06/Jun/2019:12:37:00 +0000] "GET /favicon.ico HTTP/1.1" 200 40 "http://localhost:3000/restaurants" "Mozilla/5.0 (Macintosh; Intel Mac OS X 10_14_5) AppleWebKit/537.36 (KHTML, like Gecko) Chrome/74.0.3729.169 Safari/537.36"
::1 - - [06/Jun/2019:12:37:04 +0000] "GET /restaurants HTTP/1.1" 304 - "-" "Mozilla/5.0 (Macintosh; Intel Mac OS X 10_14_5) AppleWebKit/537.36 (KHTML, like Gecko) Chrome/74.0.3729.169 Safari/537.36"
::1 - - [06/Jun/2019:12:37:04 +0000] "GET /favicon.ico HTTP/1.1" 200 40 "http://localhost:3000/restaurants" "Mozilla/5.0 (Macintosh; Intel Mac OS X 10_14_5) AppleWebKit/537.36 (KHTML, like Gecko) Chrome/74.0.3729.169 Safari/537.36"
::1 - - [06/Jun/2019:12:37:13 +0000] "GET /restaurants HTTP/1.1" 200 5045 "-" "Mozilla/5.0 (Macintosh; Intel Mac OS X 10_14_5) AppleWebKit/537.36 (KHTML, like Gecko) Chrome/74.0.3729.169 Safari/537.36"
::1 - - [06/Jun/2019:12:37:13 +0000] "GET /favicon.ico HTTP/1.1" 200 40 "http://localhost:3000/restaurants" "Mozilla/5.0 (Macintosh; Intel Mac OS X 10_14_5) AppleWebKit/537.36 (KHTML, like Gecko) Chrome/74.0.3729.169 Safari/537.36"
::1 - - [06/Jun/2019:12:37:27 +0000] "GET /restaurants HTTP/1.1" 200 5045 "-" "Mozilla/5.0 (Macintosh; Intel Mac OS X 10_14_5) AppleWebKit/537.36 (KHTML, like Gecko) Chrome/74.0.3729.169 Safari/537.36"
::1 - - [06/Jun/2019:12:37:27 +0000] "GET /favicon.ico HTTP/1.1" 200 40 "http://localhost:3000/restaurants" "Mozilla/5.0 (Macintosh; Intel Mac OS X 10_14_5) AppleWebKit/537.36 (KHTML, like Gecko) Chrome/74.0.3729.169 Safari/537.36"
::1 - - [06/Jun/2019:12:38:49 +0000] "GET /restaurants HTTP/1.1" - - "-" "Mozilla/5.0 (Macintosh; Intel Mac OS X 10_14_5) AppleWebKit/537.36 (KHTML, like Gecko) Chrome/74.0.3729.169 Safari/537.36"
::1 - - [06/Jun/2019:12:39:16 +0000] "GET /restaurants HTTP/1.1" 200 1001 "-" "Mozilla/5.0 (Macintosh; Intel Mac OS X 10_14_5) AppleWebKit/537.36 (KHTML, like Gecko) Chrome/74.0.3729.169 Safari/537.36"
::1 - - [06/Jun/2019:12:39:16 +0000] "GET /favicon.ico HTTP/1.1" 200 40 "http://localhost:3000/restaurants" "Mozilla/5.0 (Macintosh; Intel Mac OS X 10_14_5) AppleWebKit/537.36 (KHTML, like Gecko) Chrome/74.0.3729.169 Safari/537.36"
::1 - - [06/Jun/2019:12:39:51 +0000] "GET /restaurants HTTP/1.1" 304 - "-" "Mozilla/5.0 (Macintosh; Intel Mac OS X 10_14_5) AppleWebKit/537.36 (KHTML, like Gecko) Chrome/74.0.3729.169 Safari/537.36"
::1 - - [06/Jun/2019:12:39:52 +0000] "GET /favicon.ico HTTP/1.1" 200 40 "http://localhost:3000/restaurants" "Mozilla/5.0 (Macintosh; Intel Mac OS X 10_14_5) AppleWebKit/537.36 (KHTML, like Gecko) Chrome/74.0.3729.169 Safari/537.36"
::1 - - [06/Jun/2019:12:40:07 +0000] "GET /restaurants HTTP/1.1" 304 - "-" "Mozilla/5.0 (Macintosh; Intel Mac OS X 10_14_5) AppleWebKit/537.36 (KHTML, like Gecko) Chrome/74.0.3729.169 Safari/537.36"
::1 - - [06/Jun/2019:12:40:08 +0000] "GET /favicon.ico HTTP/1.1" 200 40 "http://localhost:3000/restaurants" "Mozilla/5.0 (Macintosh; Intel Mac OS X 10_14_5) AppleWebKit/537.36 (KHTML, like Gecko) Chrome/74.0.3729.169 Safari/537.36"
::1 - - [06/Jun/2019:12:40:33 +0000] "GET /restaurants HTTP/1.1" 200 5045 "-" "Mozilla/5.0 (Macintosh; Intel Mac OS X 10_14_5) AppleWebKit/537.36 (KHTML, like Gecko) Chrome/74.0.3729.169 Safari/537.36"
::1 - - [06/Jun/2019:12:40:34 +0000] "GET /favicon.ico HTTP/1.1" 200 40 "http://localhost:3000/restaurants" "Mozilla/5.0 (Macintosh; Intel Mac OS X 10_14_5) AppleWebKit/537.36 (KHTML, like Gecko) Chrome/74.0.3729.169 Safari/537.36"
::1 - - [06/Jun/2019:12:41:18 +0000] "GET /restaurants HTTP/1.1" - - "-" "Mozilla/5.0 (Macintosh; Intel Mac OS X 10_14_5) AppleWebKit/537.36 (KHTML, like Gecko) Chrome/74.0.3729.169 Safari/537.36"
::1 - - [06/Jun/2019:12:41:18 +0000] "GET /restaurants HTTP/1.1" 200 1001 "-" "Mozilla/5.0 (Macintosh; Intel Mac OS X 10_14_5) AppleWebKit/537.36 (KHTML, like Gecko) Chrome/74.0.3729.169 Safari/537.36"
::1 - - [06/Jun/2019:12:41:18 +0000] "GET /favicon.ico HTTP/1.1" 200 40 "http://localhost:3000/restaurants" "Mozilla/5.0 (Macintosh; Intel Mac OS X 10_14_5) AppleWebKit/537.36 (KHTML, like Gecko) Chrome/74.0.3729.169 Safari/537.36"
::1 - - [06/Jun/2019:12:42:26 +0000] "GET /restaurants HTTP/1.1" 304 - "-" "Mozilla/5.0 (Macintosh; Intel Mac OS X 10_14_5) AppleWebKit/537.36 (KHTML, like Gecko) Chrome/74.0.3729.169 Safari/537.36"
::1 - - [06/Jun/2019:12:42:27 +0000] "GET /favicon.ico HTTP/1.1" 200 40 "http://localhost:3000/restaurants" "Mozilla/5.0 (Macintosh; Intel Mac OS X 10_14_5) AppleWebKit/537.36 (KHTML, like Gecko) Chrome/74.0.3729.169 Safari/537.36"
::1 - - [06/Jun/2019:12:42:44 +0000] "GET /restaurants HTTP/1.1" 304 - "-" "Mozilla/5.0 (Macintosh; Intel Mac OS X 10_14_5) AppleWebKit/537.36 (KHTML, like Gecko) Chrome/74.0.3729.169 Safari/537.36"
::1 - - [06/Jun/2019:12:42:45 +0000] "GET /favicon.ico HTTP/1.1" 200 40 "http://localhost:3000/restaurants" "Mozilla/5.0 (Macintosh; Intel Mac OS X 10_14_5) AppleWebKit/537.36 (KHTML, like Gecko) Chrome/74.0.3729.169 Safari/537.36"
::1 - - [06/Jun/2019:12:42:48 +0000] "GET /restaurants HTTP/1.1" 200 1001 "-" "Mozilla/5.0 (Macintosh; Intel Mac OS X 10_14_5) AppleWebKit/537.36 (KHTML, like Gecko) Chrome/74.0.3729.169 Safari/537.36"
::1 - - [06/Jun/2019:12:42:48 +0000] "GET /favicon.ico HTTP/1.1" 200 40 "http://localhost:3000/restaurants" "Mozilla/5.0 (Macintosh; Intel Mac OS X 10_14_5) AppleWebKit/537.36 (KHTML, like Gecko) Chrome/74.0.3729.169 Safari/537.36"
::1 - - [06/Jun/2019:12:43:45 +0000] "GET /restaurants HTTP/1.1" 304 - "-" "Mozilla/5.0 (Macintosh; Intel Mac OS X 10_14_5) AppleWebKit/537.36 (KHTML, like Gecko) Chrome/74.0.3729.169 Safari/537.36"
::1 - - [06/Jun/2019:12:43:46 +0000] "GET /favicon.ico HTTP/1.1" 200 40 "http://localhost:3000/restaurants" "Mozilla/5.0 (Macintosh; Intel Mac OS X 10_14_5) AppleWebKit/537.36 (KHTML, like Gecko) Chrome/74.0.3729.169 Safari/537.36"
::1 - - [06/Jun/2019:12:43:54 +0000] "GET /restaurants HTTP/1.1" 200 1331 "-" "Mozilla/5.0 (Macintosh; Intel Mac OS X 10_14_5) AppleWebKit/537.36 (KHTML, like Gecko) Chrome/74.0.3729.169 Safari/537.36"
::1 - - [06/Jun/2019:12:43:54 +0000] "GET /favicon.ico HTTP/1.1" 200 40 "http://localhost:3000/restaurants" "Mozilla/5.0 (Macintosh; Intel Mac OS X 10_14_5) AppleWebKit/537.36 (KHTML, like Gecko) Chrome/74.0.3729.169 Safari/537.36"
::1 - - [06/Jun/2019:12:44:06 +0000] "GET /restaurants HTTP/1.1" 200 1001 "-" "Mozilla/5.0 (Macintosh; Intel Mac OS X 10_14_5) AppleWebKit/537.36 (KHTML, like Gecko) Chrome/74.0.3729.169 Safari/537.36"
::1 - - [06/Jun/2019:12:44:06 +0000] "GET /favicon.ico HTTP/1.1" 200 40 "http://localhost:3000/restaurants" "Mozilla/5.0 (Macintosh; Intel Mac OS X 10_14_5) AppleWebKit/537.36 (KHTML, like Gecko) Chrome/74.0.3729.169 Safari/537.36"
::1 - - [06/Jun/2019:12:44:53 +0000] "GET /restaurants HTTP/1.1" 200 282 "-" "Mozilla/5.0 (Macintosh; Intel Mac OS X 10_14_5) AppleWebKit/537.36 (KHTML, like Gecko) Chrome/74.0.3729.169 Safari/537.36"
::1 - - [06/Jun/2019:12:44:53 +0000] "GET /favicon.ico HTTP/1.1" 200 40 "http://localhost:3000/restaurants" "Mozilla/5.0 (Macintosh; Intel Mac OS X 10_14_5) AppleWebKit/537.36 (KHTML, like Gecko) Chrome/74.0.3729.169 Safari/537.36"
::1 - - [06/Jun/2019:12:45:38 +0000] "GET /restaurants HTTP/1.1" 200 222 "-" "Mozilla/5.0 (Macintosh; Intel Mac OS X 10_14_5) AppleWebKit/537.36 (KHTML, like Gecko) Chrome/74.0.3729.169 Safari/537.36"
::1 - - [06/Jun/2019:12:45:38 +0000] "GET /favicon.ico HTTP/1.1" 200 40 "http://localhost:3000/restaurants" "Mozilla/5.0 (Macintosh; Intel Mac OS X 10_14_5) AppleWebKit/537.36 (KHTML, like Gecko) Chrome/74.0.3729.169 Safari/537.36"
::1 - - [06/Jun/2019:12:45:49 +0000] "GET /restaurants HTTP/1.1" 200 2 "-" "Mozilla/5.0 (Macintosh; Intel Mac OS X 10_14_5) AppleWebKit/537.36 (KHTML, like Gecko) Chrome/74.0.3729.169 Safari/537.36"
::1 - - [06/Jun/2019:12:45:49 +0000] "GET /favicon.ico HTTP/1.1" 200 40 "http://localhost:3000/restaurants" "Mozilla/5.0 (Macintosh; Intel Mac OS X 10_14_5) AppleWebKit/537.36 (KHTML, like Gecko) Chrome/74.0.3729.169 Safari/537.36"
::1 - - [06/Jun/2019:12:45:55 +0000] "GET /restaurants HTTP/1.1" 200 222 "-" "Mozilla/5.0 (Macintosh; Intel Mac OS X 10_14_5) AppleWebKit/537.36 (KHTML, like Gecko) Chrome/74.0.3729.169 Safari/537.36"
::1 - - [06/Jun/2019:12:45:55 +0000] "GET /favicon.ico HTTP/1.1" 200 40 "http://localhost:3000/restaurants" "Mozilla/5.0 (Macintosh; Intel Mac OS X 10_14_5) AppleWebKit/537.36 (KHTML, like Gecko) Chrome/74.0.3729.169 Safari/537.36"
::1 - - [06/Jun/2019:12:46:39 +0000] "GET /restaurants HTTP/1.1" - - "-" "Mozilla/5.0 (Macintosh; Intel Mac OS X 10_14_5) AppleWebKit/537.36 (KHTML, like Gecko) Chrome/74.0.3729.169 Safari/537.36"
::1 - - [06/Jun/2019:12:46:40 +0000] "GET /restaurants HTTP/1.1" 200 760 "-" "Mozilla/5.0 (Macintosh; Intel Mac OS X 10_14_5) AppleWebKit/537.36 (KHTML, like Gecko) Chrome/74.0.3729.169 Safari/537.36"
::1 - - [06/Jun/2019:12:46:40 +0000] "GET /favicon.ico HTTP/1.1" 200 40 "http://localhost:3000/restaurants" "Mozilla/5.0 (Macintosh; Intel Mac OS X 10_14_5) AppleWebKit/537.36 (KHTML, like Gecko) Chrome/74.0.3729.169 Safari/537.36"
::1 - - [06/Jun/2019:12:46:58 +0000] "GET /restaurants HTTP/1.1" 200 2 "-" "Mozilla/5.0 (Macintosh; Intel Mac OS X 10_14_5) AppleWebKit/537.36 (KHTML, like Gecko) Chrome/74.0.3729.169 Safari/537.36"
::1 - - [06/Jun/2019:12:46:59 +0000] "GET /favicon.ico HTTP/1.1" 304 - "http://localhost:3000/restaurants" "Mozilla/5.0 (Macintosh; Intel Mac OS X 10_14_5) AppleWebKit/537.36 (KHTML, like Gecko) Chrome/74.0.3729.169 Safari/537.36"
::1 - - [06/Jun/2019:12:47:05 +0000] "GET /restaurants HTTP/1.1" 304 - "-" "Mozilla/5.0 (Macintosh; Intel Mac OS X 10_14_5) AppleWebKit/537.36 (KHTML, like Gecko) Chrome/74.0.3729.169 Safari/537.36"
::1 - - [06/Jun/2019:12:47:05 +0000] "GET /favicon.ico HTTP/1.1" 200 40 "http://localhost:3000/restaurants" "Mozilla/5.0 (Macintosh; Intel Mac OS X 10_14_5) AppleWebKit/537.36 (KHTML, like Gecko) Chrome/74.0.3729.169 Safari/537.36"
::1 - - [06/Jun/2019:12:47:07 +0000] "GET /restaurants HTTP/1.1" 304 - "-" "Mozilla/5.0 (Macintosh; Intel Mac OS X 10_14_5) AppleWebKit/537.36 (KHTML, like Gecko) Chrome/74.0.3729.169 Safari/537.36"
::1 - - [06/Jun/2019:12:47:07 +0000] "GET /favicon.ico HTTP/1.1" 304 - "http://localhost:3000/restaurants" "Mozilla/5.0 (Macintosh; Intel Mac OS X 10_14_5) AppleWebKit/537.36 (KHTML, like Gecko) Chrome/74.0.3729.169 Safari/537.36"
::1 - - [06/Jun/2019:12:47:24 +0000] "GET /restaurants HTTP/1.1" 200 222 "-" "Mozilla/5.0 (Macintosh; Intel Mac OS X 10_14_5) AppleWebKit/537.36 (KHTML, like Gecko) Chrome/74.0.3729.169 Safari/537.36"
::1 - - [06/Jun/2019:12:47:24 +0000] "GET /favicon.ico HTTP/1.1" 200 40 "http://localhost:3000/restaurants" "Mozilla/5.0 (Macintosh; Intel Mac OS X 10_14_5) AppleWebKit/537.36 (KHTML, like Gecko) Chrome/74.0.3729.169 Safari/537.36"
::1 - - [06/Jun/2019:12:47:57 +0000] "GET /restaurants HTTP/1.1" 200 2 "-" "Mozilla/5.0 (Macintosh; Intel Mac OS X 10_14_5) AppleWebKit/537.36 (KHTML, like Gecko) Chrome/74.0.3729.169 Safari/537.36"
::1 - - [06/Jun/2019:12:47:57 +0000] "GET /favicon.ico HTTP/1.1" 200 40 "http://localhost:3000/restaurants" "Mozilla/5.0 (Macintosh; Intel Mac OS X 10_14_5) AppleWebKit/537.36 (KHTML, like Gecko) Chrome/74.0.3729.169 Safari/537.36"
::1 - - [06/Jun/2019:12:48:18 +0000] "GET /restaurants HTTP/1.1" 200 678 "-" "Mozilla/5.0 (Macintosh; Intel Mac OS X 10_14_5) AppleWebKit/537.36 (KHTML, like Gecko) Chrome/74.0.3729.169 Safari/537.36"
::1 - - [06/Jun/2019:12:48:18 +0000] "GET /favicon.ico HTTP/1.1" 200 40 "http://localhost:3000/restaurants" "Mozilla/5.0 (Macintosh; Intel Mac OS X 10_14_5) AppleWebKit/537.36 (KHTML, like Gecko) Chrome/74.0.3729.169 Safari/537.36"
::1 - - [06/Jun/2019:12:53:49 +0000] "GET /restaurants HTTP/1.1" - - "-" "Mozilla/5.0 (Macintosh; Intel Mac OS X 10_14_5) AppleWebKit/537.36 (KHTML, like Gecko) Chrome/74.0.3729.169 Safari/537.36"
::1 - - [06/Jun/2019:12:53:49 +0000] "GET /restaurants HTTP/1.1" 200 222 "-" "Mozilla/5.0 (Macintosh; Intel Mac OS X 10_14_5) AppleWebKit/537.36 (KHTML, like Gecko) Chrome/74.0.3729.169 Safari/537.36"
::1 - - [06/Jun/2019:12:53:50 +0000] "GET /favicon.ico HTTP/1.1" 200 40 "http://localhost:3000/restaurants" "Mozilla/5.0 (Macintosh; Intel Mac OS X 10_14_5) AppleWebKit/537.36 (KHTML, like Gecko) Chrome/74.0.3729.169 Safari/537.36"
::1 - - [06/Jun/2019:12:53:57 +0000] "GET /restaurants HTTP/1.1" 304 - "-" "Mozilla/5.0 (Macintosh; Intel Mac OS X 10_14_5) AppleWebKit/537.36 (KHTML, like Gecko) Chrome/74.0.3729.169 Safari/537.36"
::1 - - [06/Jun/2019:12:53:57 +0000] "GET /favicon.ico HTTP/1.1" 200 40 "http://localhost:3000/restaurants" "Mozilla/5.0 (Macintosh; Intel Mac OS X 10_14_5) AppleWebKit/537.36 (KHTML, like Gecko) Chrome/74.0.3729.169 Safari/537.36"
::1 - - [06/Jun/2019:12:54:02 +0000] "GET /restaurants HTTP/1.1" 304 - "-" "Mozilla/5.0 (Macintosh; Intel Mac OS X 10_14_5) AppleWebKit/537.36 (KHTML, like Gecko) Chrome/74.0.3729.169 Safari/537.36"
::1 - - [06/Jun/2019:12:54:02 +0000] "GET /favicon.ico HTTP/1.1" 200 40 "http://localhost:3000/restaurants" "Mozilla/5.0 (Macintosh; Intel Mac OS X 10_14_5) AppleWebKit/537.36 (KHTML, like Gecko) Chrome/74.0.3729.169 Safari/537.36"
::1 - - [06/Jun/2019:12:54:35 +0000] "GET /restaurants HTTP/1.1" 304 - "-" "Mozilla/5.0 (Macintosh; Intel Mac OS X 10_14_5) AppleWebKit/537.36 (KHTML, like Gecko) Chrome/74.0.3729.169 Safari/537.36"
::1 - - [06/Jun/2019:12:54:35 +0000] "GET /favicon.ico HTTP/1.1" 200 40 "http://localhost:3000/restaurants" "Mozilla/5.0 (Macintosh; Intel Mac OS X 10_14_5) AppleWebKit/537.36 (KHTML, like Gecko) Chrome/74.0.3729.169 Safari/537.36"
::1 - - [06/Jun/2019:12:54:55 +0000] "GET /restaurants HTTP/1.1" 200 1614 "-" "Mozilla/5.0 (Macintosh; Intel Mac OS X 10_14_5) AppleWebKit/537.36 (KHTML, like Gecko) Chrome/74.0.3729.169 Safari/537.36"
::1 - - [06/Jun/2019:12:54:55 +0000] "GET /favicon.ico HTTP/1.1" 200 40 "http://localhost:3000/restaurants" "Mozilla/5.0 (Macintosh; Intel Mac OS X 10_14_5) AppleWebKit/537.36 (KHTML, like Gecko) Chrome/74.0.3729.169 Safari/537.36"
::1 - - [06/Jun/2019:12:55:01 +0000] "GET /restaurants HTTP/1.1" 200 222 "-" "Mozilla/5.0 (Macintosh; Intel Mac OS X 10_14_5) AppleWebKit/537.36 (KHTML, like Gecko) Chrome/74.0.3729.169 Safari/537.36"
::1 - - [06/Jun/2019:12:55:02 +0000] "GET /favicon.ico HTTP/1.1" 200 40 "http://localhost:3000/restaurants" "Mozilla/5.0 (Macintosh; Intel Mac OS X 10_14_5) AppleWebKit/537.36 (KHTML, like Gecko) Chrome/74.0.3729.169 Safari/537.36"
::1 - - [06/Jun/2019:13:01:45 +0000] "GET /restaurants HTTP/1.1" 304 - "-" "Mozilla/5.0 (Macintosh; Intel Mac OS X 10_14_5) AppleWebKit/537.36 (KHTML, like Gecko) Chrome/74.0.3729.169 Safari/537.36"
::1 - - [06/Jun/2019:13:01:45 +0000] "GET /favicon.ico HTTP/1.1" 200 40 "http://localhost:3000/restaurants" "Mozilla/5.0 (Macintosh; Intel Mac OS X 10_14_5) AppleWebKit/537.36 (KHTML, like Gecko) Chrome/74.0.3729.169 Safari/537.36"
::1 - - [06/Jun/2019:13:01:58 +0000] "GET /restaurants HTTP/1.1" 200 282 "-" "Mozilla/5.0 (Macintosh; Intel Mac OS X 10_14_5) AppleWebKit/537.36 (KHTML, like Gecko) Chrome/74.0.3729.169 Safari/537.36"
::1 - - [06/Jun/2019:13:01:58 +0000] "GET /favicon.ico HTTP/1.1" 200 40 "http://localhost:3000/restaurants" "Mozilla/5.0 (Macintosh; Intel Mac OS X 10_14_5) AppleWebKit/537.36 (KHTML, like Gecko) Chrome/74.0.3729.169 Safari/537.36"
::1 - - [06/Jun/2019:13:08:33 +0000] "GET /restaurants HTTP/1.1" 200 5045 "-" "Mozilla/5.0 (Macintosh; Intel Mac OS X 10_14_5) AppleWebKit/537.36 (KHTML, like Gecko) Chrome/74.0.3729.169 Safari/537.36"
::1 - - [06/Jun/2019:13:08:33 +0000] "GET /favicon.ico HTTP/1.1" 304 - "http://localhost:3000/restaurants" "Mozilla/5.0 (Macintosh; Intel Mac OS X 10_14_5) AppleWebKit/537.36 (KHTML, like Gecko) Chrome/74.0.3729.169 Safari/537.36"
::1 - - [06/Jun/2019:13:08:50 +0000] "GET /restaurants HTTP/1.1" 200 1001 "-" "Mozilla/5.0 (Macintosh; Intel Mac OS X 10_14_5) AppleWebKit/537.36 (KHTML, like Gecko) Chrome/74.0.3729.169 Safari/537.36"
::1 - - [06/Jun/2019:13:08:50 +0000] "GET /favicon.ico HTTP/1.1" 304 - "http://localhost:3000/restaurants" "Mozilla/5.0 (Macintosh; Intel Mac OS X 10_14_5) AppleWebKit/537.36 (KHTML, like Gecko) Chrome/74.0.3729.169 Safari/537.36"
::1 - - [06/Jun/2019:13:17:12 +0000] "GET /restaurants HTTP/1.1" 200 2 "-" "Mozilla/5.0 (Macintosh; Intel Mac OS X 10_14_5) AppleWebKit/537.36 (KHTML, like Gecko) Chrome/74.0.3729.169 Safari/537.36"
::1 - - [06/Jun/2019:13:17:13 +0000] "GET /favicon.ico HTTP/1.1" 200 40 "http://localhost:3000/restaurants" "Mozilla/5.0 (Macintosh; Intel Mac OS X 10_14_5) AppleWebKit/537.36 (KHTML, like Gecko) Chrome/74.0.3729.169 Safari/537.36"
::1 - - [06/Jun/2019:13:17:29 +0000] "GET /restaurants HTTP/1.1" 200 633 "-" "Mozilla/5.0 (Macintosh; Intel Mac OS X 10_14_5) AppleWebKit/537.36 (KHTML, like Gecko) Chrome/74.0.3729.169 Safari/537.36"
::1 - - [06/Jun/2019:13:17:29 +0000] "GET /favicon.ico HTTP/1.1" 200 40 "http://localhost:3000/restaurants" "Mozilla/5.0 (Macintosh; Intel Mac OS X 10_14_5) AppleWebKit/537.36 (KHTML, like Gecko) Chrome/74.0.3729.169 Safari/537.36"
::1 - - [06/Jun/2019:13:19:30 +0000] "GET /restaurants HTTP/1.1" 200 694 "-" "Mozilla/5.0 (Macintosh; Intel Mac OS X 10_14_5) AppleWebKit/537.36 (KHTML, like Gecko) Chrome/74.0.3729.169 Safari/537.36"
::1 - - [06/Jun/2019:13:19:31 +0000] "GET /favicon.ico HTTP/1.1" 200 40 "http://localhost:3000/restaurants" "Mozilla/5.0 (Macintosh; Intel Mac OS X 10_14_5) AppleWebKit/537.36 (KHTML, like Gecko) Chrome/74.0.3729.169 Safari/537.36"
::1 - - [06/Jun/2019:13:23:46 +0000] "GET /restaurants HTTP/1.1" - - "-" "Mozilla/5.0 (Macintosh; Intel Mac OS X 10_14_5) AppleWebKit/537.36 (KHTML, like Gecko) Chrome/74.0.3729.169 Safari/537.36"
::1 - - [06/Jun/2019:13:24:56 +0000] "GET /restaurants HTTP/1.1" 200 1000 "-" "Mozilla/5.0 (Macintosh; Intel Mac OS X 10_14_5) AppleWebKit/537.36 (KHTML, like Gecko) Chrome/74.0.3729.169 Safari/537.36"
::1 - - [06/Jun/2019:13:24:57 +0000] "GET /favicon.ico HTTP/1.1" 200 40 "http://localhost:3000/restaurants" "Mozilla/5.0 (Macintosh; Intel Mac OS X 10_14_5) AppleWebKit/537.36 (KHTML, like Gecko) Chrome/74.0.3729.169 Safari/537.36"
::1 - - [06/Jun/2019:13:27:32 +0000] "GET /restaurants HTTP/1.1" 200 942 "-" "Mozilla/5.0 (Macintosh; Intel Mac OS X 10_14_5) AppleWebKit/537.36 (KHTML, like Gecko) Chrome/74.0.3729.169 Safari/537.36"
::1 - - [06/Jun/2019:13:27:32 +0000] "GET /favicon.ico HTTP/1.1" 200 40 "http://localhost:3000/restaurants" "Mozilla/5.0 (Macintosh; Intel Mac OS X 10_14_5) AppleWebKit/537.36 (KHTML, like Gecko) Chrome/74.0.3729.169 Safari/537.36"
::1 - - [06/Jun/2019:13:33:17 +0000] "GET /restaurants HTTP/1.1" 200 1082 "-" "Mozilla/5.0 (Macintosh; Intel Mac OS X 10_14_5) AppleWebKit/537.36 (KHTML, like Gecko) Chrome/74.0.3729.169 Safari/537.36"
::1 - - [06/Jun/2019:13:33:18 +0000] "GET /favicon.ico HTTP/1.1" 200 40 "http://localhost:3000/restaurants" "Mozilla/5.0 (Macintosh; Intel Mac OS X 10_14_5) AppleWebKit/537.36 (KHTML, like Gecko) Chrome/74.0.3729.169 Safari/537.36"
::1 - - [06/Jun/2019:13:34:05 +0000] "GET /restaurants HTTP/1.1" 200 1001 "-" "Mozilla/5.0 (Macintosh; Intel Mac OS X 10_14_5) AppleWebKit/537.36 (KHTML, like Gecko) Chrome/74.0.3729.169 Safari/537.36"
::1 - - [06/Jun/2019:13:34:05 +0000] "GET /favicon.ico HTTP/1.1" 200 40 "http://localhost:3000/restaurants" "Mozilla/5.0 (Macintosh; Intel Mac OS X 10_14_5) AppleWebKit/537.36 (KHTML, like Gecko) Chrome/74.0.3729.169 Safari/537.36"
::1 - - [06/Jun/2019:13:39:32 +0000] "GET /restaurants HTTP/1.1" 200 3631 "-" "Mozilla/5.0 (Macintosh; Intel Mac OS X 10_14_5) AppleWebKit/537.36 (KHTML, like Gecko) Chrome/74.0.3729.169 Safari/537.36"
::1 - - [06/Jun/2019:13:39:33 +0000] "GET /favicon.ico HTTP/1.1" 304 - "http://localhost:3000/restaurants" "Mozilla/5.0 (Macintosh; Intel Mac OS X 10_14_5) AppleWebKit/537.36 (KHTML, like Gecko) Chrome/74.0.3729.169 Safari/537.36"
::1 - - [06/Jun/2019:13:44:04 +0000] "GET /restaurants HTTP/1.1" - - "-" "Mozilla/5.0 (Macintosh; Intel Mac OS X 10_14_5) AppleWebKit/537.36 (KHTML, like Gecko) Chrome/74.0.3729.169 Safari/537.36"
::1 - - [06/Jun/2019:13:44:04 +0000] "GET /restaurants HTTP/1.1" 200 3631 "-" "Mozilla/5.0 (Macintosh; Intel Mac OS X 10_14_5) AppleWebKit/537.36 (KHTML, like Gecko) Chrome/74.0.3729.169 Safari/537.36"
::1 - - [06/Jun/2019:13:44:05 +0000] "GET /favicon.ico HTTP/1.1" 200 40 "http://localhost:3000/restaurants" "Mozilla/5.0 (Macintosh; Intel Mac OS X 10_14_5) AppleWebKit/537.36 (KHTML, like Gecko) Chrome/74.0.3729.169 Safari/537.36"
::1 - - [06/Jun/2019:13:44:55 +0000] "GET /restaurants HTTP/1.1" 200 3224 "-" "Mozilla/5.0 (Macintosh; Intel Mac OS X 10_14_5) AppleWebKit/537.36 (KHTML, like Gecko) Chrome/74.0.3729.169 Safari/537.36"
::1 - - [06/Jun/2019:13:44:56 +0000] "GET /favicon.ico HTTP/1.1" 200 40 "http://localhost:3000/restaurants" "Mozilla/5.0 (Macintosh; Intel Mac OS X 10_14_5) AppleWebKit/537.36 (KHTML, like Gecko) Chrome/74.0.3729.169 Safari/537.36"
::1 - - [06/Jun/2019:13:45:21 +0000] "GET /restaurants HTTP/1.1" 200 3631 "-" "Mozilla/5.0 (Macintosh; Intel Mac OS X 10_14_5) AppleWebKit/537.36 (KHTML, like Gecko) Chrome/74.0.3729.169 Safari/537.36"
::1 - - [06/Jun/2019:13:45:22 +0000] "GET /favicon.ico HTTP/1.1" 200 40 "http://localhost:3000/restaurants" "Mozilla/5.0 (Macintosh; Intel Mac OS X 10_14_5) AppleWebKit/537.36 (KHTML, like Gecko) Chrome/74.0.3729.169 Safari/537.36"
::1 - - [06/Jun/2019:13:45:42 +0000] "GET /restaurants HTTP/1.1" - - "-" "Mozilla/5.0 (Macintosh; Intel Mac OS X 10_14_5) AppleWebKit/537.36 (KHTML, like Gecko) Chrome/74.0.3729.169 Safari/537.36"
::1 - - [06/Jun/2019:13:45:43 +0000] "GET /restaurants HTTP/1.1" 200 3224 "-" "Mozilla/5.0 (Macintosh; Intel Mac OS X 10_14_5) AppleWebKit/537.36 (KHTML, like Gecko) Chrome/74.0.3729.169 Safari/537.36"
::1 - - [06/Jun/2019:13:45:43 +0000] "GET /favicon.ico HTTP/1.1" 200 40 "http://localhost:3000/restaurants" "Mozilla/5.0 (Macintosh; Intel Mac OS X 10_14_5) AppleWebKit/537.36 (KHTML, like Gecko) Chrome/74.0.3729.169 Safari/537.36"
::1 - - [06/Jun/2019:14:01:34 +0000] "GET /restaurants HTTP/1.1" 200 1082 "-" "Mozilla/5.0 (Macintosh; Intel Mac OS X 10_14_5) AppleWebKit/537.36 (KHTML, like Gecko) Chrome/74.0.3729.169 Safari/537.36"
::1 - - [06/Jun/2019:14:01:34 +0000] "GET /favicon.ico HTTP/1.1" 304 - "http://localhost:3000/restaurants" "Mozilla/5.0 (Macintosh; Intel Mac OS X 10_14_5) AppleWebKit/537.36 (KHTML, like Gecko) Chrome/74.0.3729.169 Safari/537.36"
::1 - - [06/Jun/2019:14:04:07 +0000] "GET /restaurants HTTP/1.1" 304 - "-" "Mozilla/5.0 (Macintosh; Intel Mac OS X 10_14_5) AppleWebKit/537.36 (KHTML, like Gecko) Chrome/74.0.3729.169 Safari/537.36"
::1 - - [06/Jun/2019:14:04:07 +0000] "GET /favicon.ico HTTP/1.1" 200 40 "http://localhost:3000/restaurants" "Mozilla/5.0 (Macintosh; Intel Mac OS X 10_14_5) AppleWebKit/537.36 (KHTML, like Gecko) Chrome/74.0.3729.169 Safari/537.36"
::1 - - [06/Jun/2019:14:04:36 +0000] "GET /restaurants HTTP/1.1" - - "-" "Mozilla/5.0 (Macintosh; Intel Mac OS X 10_14_5) AppleWebKit/537.36 (KHTML, like Gecko) Chrome/74.0.3729.169 Safari/537.36"
::1 - - [06/Jun/2019:14:04:36 +0000] "GET /restaurants HTTP/1.1" 200 245449 "-" "Mozilla/5.0 (Macintosh; Intel Mac OS X 10_14_5) AppleWebKit/537.36 (KHTML, like Gecko) Chrome/74.0.3729.169 Safari/537.36"
::1 - - [06/Jun/2019:14:04:37 +0000] "GET /favicon.ico HTTP/1.1" 200 40 "http://localhost:3000/restaurants" "Mozilla/5.0 (Macintosh; Intel Mac OS X 10_14_5) AppleWebKit/537.36 (KHTML, like Gecko) Chrome/74.0.3729.169 Safari/537.36"
::1 - - [06/Jun/2019:14:06:46 +0000] "GET /restaurants HTTP/1.1" 200 245538 "-" "Mozilla/5.0 (Macintosh; Intel Mac OS X 10_14_5) AppleWebKit/537.36 (KHTML, like Gecko) Chrome/74.0.3729.169 Safari/537.36"
::1 - - [06/Jun/2019:14:06:48 +0000] "GET /favicon.ico HTTP/1.1" 200 40 "http://localhost:3000/restaurants" "Mozilla/5.0 (Macintosh; Intel Mac OS X 10_14_5) AppleWebKit/537.36 (KHTML, like Gecko) Chrome/74.0.3729.169 Safari/537.36"
::1 - - [06/Jun/2019:19:35:20 +0000] "GET /restaurants HTTP/1.1" 200 952673 "-" "Mozilla/5.0 (Macintosh; Intel Mac OS X 10_14_5) AppleWebKit/537.36 (KHTML, like Gecko) Chrome/74.0.3729.169 Safari/537.36"
::1 - - [06/Jun/2019:19:35:22 +0000] "GET /favicon.ico HTTP/1.1" 304 - "http://localhost:3000/restaurants" "Mozilla/5.0 (Macintosh; Intel Mac OS X 10_14_5) AppleWebKit/537.36 (KHTML, like Gecko) Chrome/74.0.3729.169 Safari/537.36"
::ffff:127.0.0.1 - - [06/Jun/2019:22:33:38 +0000] "POST /restaurants/ HTTP/1.1" 200 5045 "-" "vscode-restclient"
::ffff:127.0.0.1 - - [06/Jun/2019:22:36:57 +0000] "POST /restaurants/ HTTP/1.1" - - "-" "vscode-restclient"
::1 - - [06/Jun/2019:22:39:34 +0000] "GET /restaurants HTTP/1.1" 200 91 "-" "Mozilla/5.0 (Macintosh; Intel Mac OS X 10_14_5) AppleWebKit/537.36 (KHTML, like Gecko) Chrome/74.0.3729.169 Safari/537.36"
::1 - - [06/Jun/2019:22:39:35 +0000] "GET /favicon.ico HTTP/1.1" 304 - "http://localhost:3000/restaurants" "Mozilla/5.0 (Macintosh; Intel Mac OS X 10_14_5) AppleWebKit/537.36 (KHTML, like Gecko) Chrome/74.0.3729.169 Safari/537.36"
::1 - - [06/Jun/2019:22:40:00 +0000] "GET /restaurants HTTP/1.1" 200 588 "-" "Mozilla/5.0 (Macintosh; Intel Mac OS X 10_14_5) AppleWebKit/537.36 (KHTML, like Gecko) Chrome/74.0.3729.169 Safari/537.36"
::1 - - [06/Jun/2019:22:40:00 +0000] "GET /favicon.ico HTTP/1.1" 200 40 "http://localhost:3000/restaurants" "Mozilla/5.0 (Macintosh; Intel Mac OS X 10_14_5) AppleWebKit/537.36 (KHTML, like Gecko) Chrome/74.0.3729.169 Safari/537.36"
::ffff:127.0.0.1 - - [06/Jun/2019:22:46:47 +0000] "PATCH /restaurants/ HTTP/1.1" 200 40 "-" "vscode-restclient"
::ffff:127.0.0.1 - - [06/Jun/2019:22:49:11 +0000] "PATCH /restaurants/0 HTTP/1.1" - - "-" "vscode-restclient"
::ffff:127.0.0.1 - - [06/Jun/2019:22:54:56 +0000] "PATCH /restaurants/grades/0 HTTP/1.1" 200 40 "-" "vscode-restclient"
::ffff:127.0.0.1 - - [06/Jun/2019:22:55:17 +0000] "PATCH /restaurants/grades/0 HTTP/1.1" 200 40 "-" "vscode-restclient"
::ffff:127.0.0.1 - - [06/Jun/2019:22:55:41 +0000] "POST /restaurants/grades/0 HTTP/1.1" 200 756 "-" "vscode-restclient"
::1 - - [06/Jun/2019:22:55:56 +0000] "GET /restaurants HTTP/1.1" 304 - "-" "Mozilla/5.0 (Macintosh; Intel Mac OS X 10_14_5) AppleWebKit/537.36 (KHTML, like Gecko) Chrome/74.0.3729.169 Safari/537.36"
::1 - - [06/Jun/2019:22:55:57 +0000] "GET /favicon.ico HTTP/1.1" 200 40 "http://localhost:3000/restaurants" "Mozilla/5.0 (Macintosh; Intel Mac OS X 10_14_5) AppleWebKit/537.36 (KHTML, like Gecko) Chrome/74.0.3729.169 Safari/537.36"
::1 - - [06/Jun/2019:22:56:02 +0000] "GET /restaurants HTTP/1.1" 304 - "-" "Mozilla/5.0 (Macintosh; Intel Mac OS X 10_14_5) AppleWebKit/537.36 (KHTML, like Gecko) Chrome/74.0.3729.169 Safari/537.36"
::1 - - [06/Jun/2019:22:56:02 +0000] "GET /favicon.ico HTTP/1.1" 200 40 "http://localhost:3000/restaurants" "Mozilla/5.0 (Macintosh; Intel Mac OS X 10_14_5) AppleWebKit/537.36 (KHTML, like Gecko) Chrome/74.0.3729.169 Safari/537.36"
::1 - - [06/Jun/2019:22:56:03 +0000] "GET /restaurants HTTP/1.1" 304 - "-" "Mozilla/5.0 (Macintosh; Intel Mac OS X 10_14_5) AppleWebKit/537.36 (KHTML, like Gecko) Chrome/74.0.3729.169 Safari/537.36"
::1 - - [06/Jun/2019:22:56:03 +0000] "GET /favicon.ico HTTP/1.1" 200 40 "http://localhost:3000/restaurants" "Mozilla/5.0 (Macintosh; Intel Mac OS X 10_14_5) AppleWebKit/537.36 (KHTML, like Gecko) Chrome/74.0.3729.169 Safari/537.36"
::1 - - [06/Jun/2019:22:56:05 +0000] "GET /restaurants HTTP/1.1" 304 - "-" "Mozilla/5.0 (Macintosh; Intel Mac OS X 10_14_5) AppleWebKit/537.36 (KHTML, like Gecko) Chrome/74.0.3729.169 Safari/537.36"
::1 - - [06/Jun/2019:22:56:06 +0000] "GET /favicon.ico HTTP/1.1" 304 - "http://localhost:3000/restaurants" "Mozilla/5.0 (Macintosh; Intel Mac OS X 10_14_5) AppleWebKit/537.36 (KHTML, like Gecko) Chrome/74.0.3729.169 Safari/537.36"
::ffff:127.0.0.1 - - [06/Jun/2019:23:01:52 +0000] "POST /restaurants/grades/0 HTTP/1.1" 200 756 "-" "vscode-restclient"
::1 - - [06/Jun/2019:23:02:00 +0000] "GET /restaurants HTTP/1.1" 304 - "-" "Mozilla/5.0 (Macintosh; Intel Mac OS X 10_14_5) AppleWebKit/537.36 (KHTML, like Gecko) Chrome/74.0.3729.169 Safari/537.36"
::1 - - [06/Jun/2019:23:02:00 +0000] "GET /favicon.ico HTTP/1.1" 200 40 "http://localhost:3000/restaurants" "Mozilla/5.0 (Macintosh; Intel Mac OS X 10_14_5) AppleWebKit/537.36 (KHTML, like Gecko) Chrome/74.0.3729.169 Safari/537.36"
::1 - - [06/Jun/2019:23:13:33 +0000] "GET /restaurants HTTP/1.1" 304 - "-" "Mozilla/5.0 (Macintosh; Intel Mac OS X 10_14_5) AppleWebKit/537.36 (KHTML, like Gecko) Chrome/74.0.3729.169 Safari/537.36"
::1 - - [06/Jun/2019:23:13:34 +0000] "GET /favicon.ico HTTP/1.1" 200 40 "http://localhost:3000/restaurants" "Mozilla/5.0 (Macintosh; Intel Mac OS X 10_14_5) AppleWebKit/537.36 (KHTML, like Gecko) Chrome/74.0.3729.169 Safari/537.36"
::ffff:127.0.0.1 - - [06/Jun/2019:23:13:38 +0000] "PATCH /restaurants/0/grades HTTP/1.1" 200 734 "-" "vscode-restclient"
::1 - - [06/Jun/2019:23:13:41 +0000] "GET /restaurants HTTP/1.1" 200 649 "-" "Mozilla/5.0 (Macintosh; Intel Mac OS X 10_14_5) AppleWebKit/537.36 (KHTML, like Gecko) Chrome/74.0.3729.169 Safari/537.36"
::1 - - [06/Jun/2019:23:13:42 +0000] "GET /favicon.ico HTTP/1.1" 200 40 "http://localhost:3000/restaurants" "Mozilla/5.0 (Macintosh; Intel Mac OS X 10_14_5) AppleWebKit/537.36 (KHTML, like Gecko) Chrome/74.0.3729.169 Safari/537.36"
::1 - - [06/Jun/2019:23:30:42 +0000] "GET /restaurants HTTP/1.1" 304 - "-" "Mozilla/5.0 (Macintosh; Intel Mac OS X 10_14_5) AppleWebKit/537.36 (KHTML, like Gecko) Chrome/74.0.3729.169 Safari/537.36"
::1 - - [06/Jun/2019:23:30:42 +0000] "GET /favicon.ico HTTP/1.1" 200 40 "http://localhost:3000/restaurants" "Mozilla/5.0 (Macintosh; Intel Mac OS X 10_14_5) AppleWebKit/537.36 (KHTML, like Gecko) Chrome/74.0.3729.169 Safari/537.36"
::ffff:127.0.0.1 - - [06/Jun/2019:23:33:44 +0000] "PATCH /restaurants/0/grades/100 HTTP/1.1" 200 663 "-" "vscode-restclient"
::1 - - [06/Jun/2019:23:33:52 +0000] "GET /restaurants HTTP/1.1" 304 - "-" "Mozilla/5.0 (Macintosh; Intel Mac OS X 10_14_5) AppleWebKit/537.36 (KHTML, like Gecko) Chrome/74.0.3729.169 Safari/537.36"
::1 - - [06/Jun/2019:23:33:52 +0000] "GET /favicon.ico HTTP/1.1" 200 40 "http://localhost:3000/restaurants" "Mozilla/5.0 (Macintosh; Intel Mac OS X 10_14_5) AppleWebKit/537.36 (KHTML, like Gecko) Chrome/74.0.3729.169 Safari/537.36"
::1 - - [06/Jun/2019:23:33:54 +0000] "GET /restaurants HTTP/1.1" 304 - "-" "Mozilla/5.0 (Macintosh; Intel Mac OS X 10_14_5) AppleWebKit/537.36 (KHTML, like Gecko) Chrome/74.0.3729.169 Safari/537.36"
::1 - - [06/Jun/2019:23:33:54 +0000] "GET /favicon.ico HTTP/1.1" 200 40 "http://localhost:3000/restaurants" "Mozilla/5.0 (Macintosh; Intel Mac OS X 10_14_5) AppleWebKit/537.36 (KHTML, like Gecko) Chrome/74.0.3729.169 Safari/537.36"
::1 - - [06/Jun/2019:23:34:00 +0000] "GET /restaurants HTTP/1.1" 304 - "-" "Mozilla/5.0 (Macintosh; Intel Mac OS X 10_14_5) AppleWebKit/537.36 (KHTML, like Gecko) Chrome/74.0.3729.169 Safari/537.36"
::1 - - [06/Jun/2019:23:34:00 +0000] "GET /favicon.ico HTTP/1.1" 200 40 "http://localhost:3000/restaurants" "Mozilla/5.0 (Macintosh; Intel Mac OS X 10_14_5) AppleWebKit/537.36 (KHTML, like Gecko) Chrome/74.0.3729.169 Safari/537.36"
::1 - - [06/Jun/2019:23:35:00 +0000] "GET /restaurants HTTP/1.1" 304 - "-" "Mozilla/5.0 (Macintosh; Intel Mac OS X 10_14_5) AppleWebKit/537.36 (KHTML, like Gecko) Chrome/74.0.3729.169 Safari/537.36"
::1 - - [06/Jun/2019:23:35:00 +0000] "GET /favicon.ico HTTP/1.1" 200 40 "http://localhost:3000/restaurants" "Mozilla/5.0 (Macintosh; Intel Mac OS X 10_14_5) AppleWebKit/537.36 (KHTML, like Gecko) Chrome/74.0.3729.169 Safari/537.36"
::1 - - [06/Jun/2019:23:35:02 +0000] "GET /restaurants HTTP/1.1" 200 649 "-" "Mozilla/5.0 (Macintosh; Intel Mac OS X 10_14_5) AppleWebKit/537.36 (KHTML, like Gecko) Chrome/74.0.3729.169 Safari/537.36"
::1 - - [06/Jun/2019:23:35:02 +0000] "GET /favicon.ico HTTP/1.1" 200 40 "http://localhost:3000/restaurants" "Mozilla/5.0 (Macintosh; Intel Mac OS X 10_14_5) AppleWebKit/537.36 (KHTML, like Gecko) Chrome/74.0.3729.169 Safari/537.36"
::ffff:127.0.0.1 - - [06/Jun/2019:23:35:07 +0000] "PATCH /restaurants/0/grades/100 HTTP/1.1" 200 663 "-" "vscode-restclient"
::1 - - [06/Jun/2019:23:35:25 +0000] "GET /restaurants HTTP/1.1" 304 - "-" "Mozilla/5.0 (Macintosh; Intel Mac OS X 10_14_5) AppleWebKit/537.36 (KHTML, like Gecko) Chrome/74.0.3729.169 Safari/537.36"
::1 - - [06/Jun/2019:23:35:25 +0000] "GET /favicon.ico HTTP/1.1" 200 40 "http://localhost:3000/restaurants" "Mozilla/5.0 (Macintosh; Intel Mac OS X 10_14_5) AppleWebKit/537.36 (KHTML, like Gecko) Chrome/74.0.3729.169 Safari/537.36"
::1 - - [06/Jun/2019:23:35:27 +0000] "GET /restaurants HTTP/1.1" 200 649 "-" "Mozilla/5.0 (Macintosh; Intel Mac OS X 10_14_5) AppleWebKit/537.36 (KHTML, like Gecko) Chrome/74.0.3729.169 Safari/537.36"
::1 - - [06/Jun/2019:23:35:27 +0000] "GET /favicon.ico HTTP/1.1" 200 40 "http://localhost:3000/restaurants" "Mozilla/5.0 (Macintosh; Intel Mac OS X 10_14_5) AppleWebKit/537.36 (KHTML, like Gecko) Chrome/74.0.3729.169 Safari/537.36"
::ffff:127.0.0.1 - - [06/Jun/2019:23:36:44 +0000] "PATCH /restaurants/0/grades/100 HTTP/1.1" 200 734 "-" "vscode-restclient"
::1 - - [06/Jun/2019:23:36:48 +0000] "GET /restaurants HTTP/1.1" 304 - "-" "Mozilla/5.0 (Macintosh; Intel Mac OS X 10_14_5) AppleWebKit/537.36 (KHTML, like Gecko) Chrome/74.0.3729.169 Safari/537.36"
::1 - - [06/Jun/2019:23:36:49 +0000] "GET /favicon.ico HTTP/1.1" 200 40 "http://localhost:3000/restaurants" "Mozilla/5.0 (Macintosh; Intel Mac OS X 10_14_5) AppleWebKit/537.36 (KHTML, like Gecko) Chrome/74.0.3729.169 Safari/537.36"
::ffff:127.0.0.1 - - [06/Jun/2019:23:38:05 +0000] "PATCH /restaurants/0/grades/100 HTTP/1.1" 200 734 "-" "vscode-restclient"
::1 - - [06/Jun/2019:23:38:09 +0000] "GET /restaurants HTTP/1.1" 200 650 "-" "Mozilla/5.0 (Macintosh; Intel Mac OS X 10_14_5) AppleWebKit/537.36 (KHTML, like Gecko) Chrome/74.0.3729.169 Safari/537.36"
::1 - - [06/Jun/2019:23:38:10 +0000] "GET /favicon.ico HTTP/1.1" 200 40 "http://localhost:3000/restaurants" "Mozilla/5.0 (Macintosh; Intel Mac OS X 10_14_5) AppleWebKit/537.36 (KHTML, like Gecko) Chrome/74.0.3729.169 Safari/537.36"
::ffff:127.0.0.1 - - [06/Jun/2019:23:38:53 +0000] "PATCH /restaurants/0/grades/100 HTTP/1.1" 200 734 "-" "vscode-restclient"
::1 - - [06/Jun/2019:23:38:55 +0000] "GET /restaurants HTTP/1.1" 200 650 "-" "Mozilla/5.0 (Macintosh; Intel Mac OS X 10_14_5) AppleWebKit/537.36 (KHTML, like Gecko) Chrome/74.0.3729.169 Safari/537.36"
::1 - - [06/Jun/2019:23:38:56 +0000] "GET /favicon.ico HTTP/1.1" 200 40 "http://localhost:3000/restaurants" "Mozilla/5.0 (Macintosh; Intel Mac OS X 10_14_5) AppleWebKit/537.36 (KHTML, like Gecko) Chrome/74.0.3729.169 Safari/537.36"
::ffff:127.0.0.1 - - [06/Jun/2019:23:39:56 +0000] "PATCH /restaurants/0/grades/10 HTTP/1.1" 200 734 "-" "vscode-restclient"
::1 - - [06/Jun/2019:23:39:58 +0000] "GET /restaurants HTTP/1.1" 200 656 "-" "Mozilla/5.0 (Macintosh; Intel Mac OS X 10_14_5) AppleWebKit/537.36 (KHTML, like Gecko) Chrome/74.0.3729.169 Safari/537.36"
::1 - - [06/Jun/2019:23:39:58 +0000] "GET /favicon.ico HTTP/1.1" 200 40 "http://localhost:3000/restaurants" "Mozilla/5.0 (Macintosh; Intel Mac OS X 10_14_5) AppleWebKit/537.36 (KHTML, like Gecko) Chrome/74.0.3729.169 Safari/537.36"
::ffff:127.0.0.1 - - [06/Jun/2019:23:40:10 +0000] "PATCH /restaurants/0/grades/10 HTTP/1.1" 200 734 "-" "vscode-restclient"
::1 - - [06/Jun/2019:23:40:12 +0000] "GET /restaurants HTTP/1.1" 200 653 "-" "Mozilla/5.0 (Macintosh; Intel Mac OS X 10_14_5) AppleWebKit/537.36 (KHTML, like Gecko) Chrome/74.0.3729.169 Safari/537.36"
::1 - - [06/Jun/2019:23:40:12 +0000] "GET /favicon.ico HTTP/1.1" 200 40 "http://localhost:3000/restaurants" "Mozilla/5.0 (Macintosh; Intel Mac OS X 10_14_5) AppleWebKit/537.36 (KHTML, like Gecko) Chrome/74.0.3729.169 Safari/537.36"
::ffff:127.0.0.1 - - [06/Jun/2019:23:48:57 +0000] "DELETE /restaurants/0/grades/100 HTTP/1.1" 200 734 "-" "vscode-restclient"
::1 - - [06/Jun/2019:23:49:03 +0000] "GET /restaurants HTTP/1.1" 200 591 "-" "Mozilla/5.0 (Macintosh; Intel Mac OS X 10_14_5) AppleWebKit/537.36 (KHTML, like Gecko) Chrome/74.0.3729.169 Safari/537.36"
::1 - - [06/Jun/2019:23:49:03 +0000] "GET /favicon.ico HTTP/1.1" 200 40 "http://localhost:3000/restaurants" "Mozilla/5.0 (Macintosh; Intel Mac OS X 10_14_5) AppleWebKit/537.36 (KHTML, like Gecko) Chrome/74.0.3729.169 Safari/537.36"
::ffff:127.0.0.1 - - [07/Jun/2019:00:02:18 +0000] "PUT /restaurants/0/grades HTTP/1.1" 200 734 "-" "vscode-restclient"
::1 - - [07/Jun/2019:00:02:26 +0000] "GET /restaurants HTTP/1.1" 200 753 "-" "Mozilla/5.0 (Macintosh; Intel Mac OS X 10_14_5) AppleWebKit/537.36 (KHTML, like Gecko) Chrome/74.0.3729.169 Safari/537.36"
::1 - - [07/Jun/2019:00:02:27 +0000] "GET /favicon.ico HTTP/1.1" 200 40 "http://localhost:3000/restaurants" "Mozilla/5.0 (Macintosh; Intel Mac OS X 10_14_5) AppleWebKit/537.36 (KHTML, like Gecko) Chrome/74.0.3729.169 Safari/537.36"
::ffff:127.0.0.1 - - [07/Jun/2019:00:24:22 +0000] "PUT /restaurants/0/grades/100 HTTP/1.1" - - "-" "vscode-restclient"
::ffff:127.0.0.1 - - [07/Jun/2019:00:26:44 +0000] "PUT /restaurants/0/grades/100 HTTP/1.1" 200 734 "-" "vscode-restclient"
::1 - - [07/Jun/2019:00:26:49 +0000] "GET /restaurants HTTP/1.1" 200 802 "-" "Mozilla/5.0 (Macintosh; Intel Mac OS X 10_14_5) AppleWebKit/537.36 (KHTML, like Gecko) Chrome/74.0.3729.169 Safari/537.36"
::1 - - [07/Jun/2019:00:26:49 +0000] "GET /favicon.ico HTTP/1.1" 200 40 "http://localhost:3000/restaurants" "Mozilla/5.0 (Macintosh; Intel Mac OS X 10_14_5) AppleWebKit/537.36 (KHTML, like Gecko) Chrome/74.0.3729.169 Safari/537.36"
::1 - - [07/Jun/2019:00:31:21 +0000] "GET /restaurants HTTP/1.1" 304 - "-" "Mozilla/5.0 (Macintosh; Intel Mac OS X 10_14_5) AppleWebKit/537.36 (KHTML, like Gecko) Chrome/74.0.3729.169 Safari/537.36"
::1 - - [07/Jun/2019:00:31:21 +0000] "GET /favicon.ico HTTP/1.1" 200 40 "http://localhost:3000/restaurants" "Mozilla/5.0 (Macintosh; Intel Mac OS X 10_14_5) AppleWebKit/537.36 (KHTML, like Gecko) Chrome/74.0.3729.169 Safari/537.36"
::1 - - [07/Jun/2019:00:31:41 +0000] "GET /restaurants HTTP/1.1" 304 - "-" "Mozilla/5.0 (Macintosh; Intel Mac OS X 10_14_5) AppleWebKit/537.36 (KHTML, like Gecko) Chrome/74.0.3729.169 Safari/537.36"
::1 - - [07/Jun/2019:00:31:41 +0000] "GET /favicon.ico HTTP/1.1" 200 40 "http://localhost:3000/restaurants" "Mozilla/5.0 (Macintosh; Intel Mac OS X 10_14_5) AppleWebKit/537.36 (KHTML, like Gecko) Chrome/74.0.3729.169 Safari/537.36"
::ffff:127.0.0.1 - - [07/Jun/2019:00:31:44 +0000] "PUT /restaurants/0/grades/100 HTTP/1.1" 200 734 "-" "vscode-restclient"
