::1 - - [07/Jun/2019:00:31:46 +0000] "GET /restaurants HTTP/1.1" 200 849 "-" "Mozilla/5.0 (Macintosh; Intel Mac OS X 10_14_5) AppleWebKit/537.36 (KHTML, like Gecko) Chrome/74.0.3729.169 Safari/537.36"
::1 - - [07/Jun/2019:00:31:46 +0000] "GET /favicon.ico HTTP/1.1" 200 40 "http://localhost:3000/restaurants" "Mozilla/5.0 (Macintosh; Intel Mac OS X 10_14_5) AppleWebKit/537.36 (KHTML, like Gecko) Chrome/74.0.3729.169 Safari/537.36"
::ffff:127.0.0.1 - - [07/Jun/2019:00:50:52 +0000] "PATCH /restaurants/0/grades/100/recipes/Marcus HTTP/1.1" - - "-" "vscode-restclient"
::1 - - [07/Jun/2019:00:54:20 +0000] "GET /restaurants HTTP/1.1" 304 - "-" "Mozilla/5.0 (Macintosh; Intel Mac OS X 10_14_5) AppleWebKit/537.36 (KHTML, like Gecko) Chrome/74.0.3729.169 Safari/537.36"
::1 - - [07/Jun/2019:00:54:20 +0000] "GET /favicon.ico HTTP/1.1" 200 40 "http://localhost:3000/restaurants" "Mozilla/5.0 (Macintosh; Intel Mac OS X 10_14_5) AppleWebKit/537.36 (KHTML, like Gecko) Chrome/74.0.3729.169 Safari/537.36"
::ffff:127.0.0.1 - - [07/Jun/2019:00:56:58 +0000] "PATCH /restaurants/0/grades/100/recipes/Marcus HTTP/1.1" - - "-" "vscode-restclient"
::ffff:127.0.0.1 - - [07/Jun/2019:00:59:49 +0000] "PATCH /restaurants/0/grades/100/recipes/Marcus HTTP/1.1" 200 734 "-" "vscode-restclient"
::1 - - [07/Jun/2019:00:59:59 +0000] "GET /restaurants HTTP/1.1" 200 842 "-" "Mozilla/5.0 (Macintosh; Intel Mac OS X 10_14_5) AppleWebKit/537.36 (KHTML, like Gecko) Chrome/74.0.3729.169 Safari/537.36"
::1 - - [07/Jun/2019:00:59:59 +0000] "GET /favicon.ico HTTP/1.1" 200 40 "http://localhost:3000/restaurants" "Mozilla/5.0 (Macintosh; Intel Mac OS X 10_14_5) AppleWebKit/537.36 (KHTML, like Gecko) Chrome/74.0.3729.169 Safari/537.36"
::ffff:127.0.0.1 - - [07/Jun/2019:01:09:28 +0000] "PATCH /restaurants/0/grades/100/recipes/Marcus HTTP/1.1" 200 663 "-" "vscode-restclient"
::1 - - [07/Jun/2019:01:12:21 +0000] "GET /restaurants HTTP/1.1" 200 111 "-" "Mozilla/5.0 (Macintosh; Intel Mac OS X 10_14_5) AppleWebKit/537.36 (KHTML, like Gecko) Chrome/74.0.3729.169 Safari/537.36"
::1 - - [07/Jun/2019:01:12:21 +0000] "GET /favicon.ico HTTP/1.1" 304 - "http://localhost:3000/restaurants" "Mozilla/5.0 (Macintosh; Intel Mac OS X 10_14_5) AppleWebKit/537.36 (KHTML, like Gecko) Chrome/74.0.3729.169 Safari/537.36"
::1 - - [07/Jun/2019:01:13:36 +0000] "GET /restaurants HTTP/1.1" 200 2 "-" "Mozilla/5.0 (Macintosh; Intel Mac OS X 10_14_5) AppleWebKit/537.36 (KHTML, like Gecko) Chrome/74.0.3729.169 Safari/537.36"
::1 - - [07/Jun/2019:01:13:36 +0000] "GET /favicon.ico HTTP/1.1" 304 - "http://localhost:3000/restaurants" "Mozilla/5.0 (Macintosh; Intel Mac OS X 10_14_5) AppleWebKit/537.36 (KHTML, like Gecko) Chrome/74.0.3729.169 Safari/537.36"
::ffff:127.0.0.1 - - [07/Jun/2019:01:13:57 +0000] "PATCH /restaurants/0/grades/100/recipes/Marcus HTTP/1.1" 200 669 "-" "vscode-restclient"
::1 - - [07/Jun/2019:01:14:04 +0000] "GET /restaurants HTTP/1.1" 200 842 "-" "Mozilla/5.0 (Macintosh; Intel Mac OS X 10_14_5) AppleWebKit/537.36 (KHTML, like Gecko) Chrome/74.0.3729.169 Safari/537.36"
::1 - - [07/Jun/2019:01:14:04 +0000] "GET /favicon.ico HTTP/1.1" 200 40 "http://localhost:3000/restaurants" "Mozilla/5.0 (Macintosh; Intel Mac OS X 10_14_5) AppleWebKit/537.36 (KHTML, like Gecko) Chrome/74.0.3729.169 Safari/537.36"
::ffff:127.0.0.1 - - [07/Jun/2019:01:16:26 +0000] "POST /restaurants/ HTTP/1.1" 200 1446 "-" "vscode-restclient"
::1 - - [07/Jun/2019:01:17:08 +0000] "GET /restaurants HTTP/1.1" 200 1587 "-" "Mozilla/5.0 (Macintosh; Intel Mac OS X 10_14_5) AppleWebKit/537.36 (KHTML, like Gecko) Chrome/74.0.3729.169 Safari/537.36"
::1 - - [07/Jun/2019:01:17:08 +0000] "GET /favicon.ico HTTP/1.1" 304 - "http://localhost:3000/restaurants" "Mozilla/5.0 (Macintosh; Intel Mac OS X 10_14_5) AppleWebKit/537.36 (KHTML, like Gecko) Chrome/74.0.3729.169 Safari/537.36"
::ffff:127.0.0.1 - - [07/Jun/2019:01:19:00 +0000] "PUT /restaurants/1/grades/100/recipes HTTP/1.1" 200 734 "-" "vscode-restclient"
::1 - - [07/Jun/2019:01:19:06 +0000] "GET /restaurants HTTP/1.1" 200 1634 "-" "Mozilla/5.0 (Macintosh; Intel Mac OS X 10_14_5) AppleWebKit/537.36 (KHTML, like Gecko) Chrome/74.0.3729.169 Safari/537.36"
::1 - - [07/Jun/2019:01:19:07 +0000] "GET /favicon.ico HTTP/1.1" 200 40 "http://localhost:3000/restaurants" "Mozilla/5.0 (Macintosh; Intel Mac OS X 10_14_5) AppleWebKit/537.36 (KHTML, like Gecko) Chrome/74.0.3729.169 Safari/537.36"
::ffff:127.0.0.1 - - [07/Jun/2019:01:19:44 +0000] "PATCH /restaurants/0/grades/100/recipes/Marcus HTTP/1.1" 200 669 "-" "vscode-restclient"
::1 - - [07/Jun/2019:01:19:47 +0000] "GET /restaurants HTTP/1.1" 200 1627 "-" "Mozilla/5.0 (Macintosh; Intel Mac OS X 10_14_5) AppleWebKit/537.36 (KHTML, like Gecko) Chrome/74.0.3729.169 Safari/537.36"
::1 - - [07/Jun/2019:01:19:48 +0000] "GET /favicon.ico HTTP/1.1" 200 40 "http://localhost:3000/restaurants" "Mozilla/5.0 (Macintosh; Intel Mac OS X 10_14_5) AppleWebKit/537.36 (KHTML, like Gecko) Chrome/74.0.3729.169 Safari/537.36"
::ffff:127.0.0.1 - - [07/Jun/2019:01:27:59 +0000] "DELETE /restaurants/grades/100/recipes/Marcus HTTP/1.1" 200 743 "-" "vscode-restclient"
::1 - - [07/Jun/2019:01:28:07 +0000] "GET /restaurants HTTP/1.1" 304 - "-" "Mozilla/5.0 (Macintosh; Intel Mac OS X 10_14_5) AppleWebKit/537.36 (KHTML, like Gecko) Chrome/74.0.3729.169 Safari/537.36"
::1 - - [07/Jun/2019:01:28:07 +0000] "GET /favicon.ico HTTP/1.1" 200 40 "http://localhost:3000/restaurants" "Mozilla/5.0 (Macintosh; Intel Mac OS X 10_14_5) AppleWebKit/537.36 (KHTML, like Gecko) Chrome/74.0.3729.169 Safari/537.36"
::ffff:127.0.0.1 - - [07/Jun/2019:01:33:50 +0000] "DELETE /restaurants/grades/100/recipes/Marcus HTTP/1.1" 200 743 "-" "vscode-restclient"
::1 - - [07/Jun/2019:01:33:56 +0000] "GET /restaurants HTTP/1.1" 200 1174 "-" "Mozilla/5.0 (Macintosh; Intel Mac OS X 10_14_5) AppleWebKit/537.36 (KHTML, like Gecko) Chrome/74.0.3729.169 Safari/537.36"
::1 - - [07/Jun/2019:01:33:56 +0000] "GET /favicon.ico HTTP/1.1" 200 40 "http://localhost:3000/restaurants" "Mozilla/5.0 (Macintosh; Intel Mac OS X 10_14_5) AppleWebKit/537.36 (KHTML, like Gecko) Chrome/74.0.3729.169 Safari/537.36"
::ffff:127.0.0.1 - - [07/Jun/2019:01:35:38 +0000] "PUT /restaurants/0/grades HTTP/1.1" 200 734 "-" "vscode-restclient"
::1 - - [07/Jun/2019:01:35:40 +0000] "GET /restaurants HTTP/1.1" 200 1384 "-" "Mozilla/5.0 (Macintosh; Intel Mac OS X 10_14_5) AppleWebKit/537.36 (KHTML, like Gecko) Chrome/74.0.3729.169 Safari/537.36"
::1 - - [07/Jun/2019:01:35:41 +0000] "GET /favicon.ico HTTP/1.1" 200 40 "http://localhost:3000/restaurants" "Mozilla/5.0 (Macintosh; Intel Mac OS X 10_14_5) AppleWebKit/537.36 (KHTML, like Gecko) Chrome/74.0.3729.169 Safari/537.36"
::ffff:127.0.0.1 - - [07/Jun/2019:01:35:54 +0000] "PUT /restaurants/1/grades HTTP/1.1" 200 734 "-" "vscode-restclient"
::1 - - [07/Jun/2019:01:35:56 +0000] "GET /restaurants HTTP/1.1" 200 1594 "-" "Mozilla/5.0 (Macintosh; Intel Mac OS X 10_14_5) AppleWebKit/537.36 (KHTML, like Gecko) Chrome/74.0.3729.169 Safari/537.36"
::1 - - [07/Jun/2019:01:35:56 +0000] "GET /favicon.ico HTTP/1.1" 200 40 "http://localhost:3000/restaurants" "Mozilla/5.0 (Macintosh; Intel Mac OS X 10_14_5) AppleWebKit/537.36 (KHTML, like Gecko) Chrome/74.0.3729.169 Safari/537.36"
::1 - - [07/Jun/2019:01:36:53 +0000] "GET /restaurants HTTP/1.1" 304 - "-" "Mozilla/5.0 (Macintosh; Intel Mac OS X 10_14_5) AppleWebKit/537.36 (KHTML, like Gecko) Chrome/74.0.3729.169 Safari/537.36"
::1 - - [07/Jun/2019:01:36:53 +0000] "GET /favicon.ico HTTP/1.1" 200 40 "http://localhost:3000/restaurants" "Mozilla/5.0 (Macintosh; Intel Mac OS X 10_14_5) AppleWebKit/537.36 (KHTML, like Gecko) Chrome/74.0.3729.169 Safari/537.36"
::ffff:127.0.0.1 - - [07/Jun/2019:01:39:01 +0000] "DELETE /restaurants/grades/100/recipes/Marcus HTTP/1.1" - - "-" "vscode-restclient"
::ffff:127.0.0.1 - - [07/Jun/2019:01:41:52 +0000] "DELETE /restaurants/grades/100/recipes/Marcus HTTP/1.1" 200 734 "-" "vscode-restclient"
::1 - - [07/Jun/2019:01:41:58 +0000] "GET /restaurants HTTP/1.1" 304 - "-" "Mozilla/5.0 (Macintosh; Intel Mac OS X 10_14_5) AppleWebKit/537.36 (KHTML, like Gecko) Chrome/74.0.3729.169 Safari/537.36"
::1 - - [07/Jun/2019:01:41:58 +0000] "GET /favicon.ico HTTP/1.1" 200 40 "http://localhost:3000/restaurants" "Mozilla/5.0 (Macintosh; Intel Mac OS X 10_14_5) AppleWebKit/537.36 (KHTML, like Gecko) Chrome/74.0.3729.169 Safari/537.36"
::ffff:127.0.0.1 - - [07/Jun/2019:01:42:54 +0000] "DELETE /restaurants/grades/100/recipes/Marcus HTTP/1.1" 200 663 "-" "vscode-restclient"
::1 - - [07/Jun/2019:01:43:03 +0000] "GET /restaurants HTTP/1.1" 304 - "-" "Mozilla/5.0 (Macintosh; Intel Mac OS X 10_14_5) AppleWebKit/537.36 (KHTML, like Gecko) Chrome/74.0.3729.169 Safari/537.36"
::1 - - [07/Jun/2019:01:43:03 +0000] "GET /favicon.ico HTTP/1.1" 200 40 "http://localhost:3000/restaurants" "Mozilla/5.0 (Macintosh; Intel Mac OS X 10_14_5) AppleWebKit/537.36 (KHTML, like Gecko) Chrome/74.0.3729.169 Safari/537.36"
::ffff:127.0.0.1 - - [07/Jun/2019:01:44:39 +0000] "DELETE /restaurants/grades/100/recipes/Marcus HTTP/1.1" 200 663 "-" "vscode-restclient"
::1 - - [07/Jun/2019:01:44:42 +0000] "GET /restaurants HTTP/1.1" 304 - "-" "Mozilla/5.0 (Macintosh; Intel Mac OS X 10_14_5) AppleWebKit/537.36 (KHTML, like Gecko) Chrome/74.0.3729.169 Safari/537.36"
::1 - - [07/Jun/2019:01:44:43 +0000] "GET /favicon.ico HTTP/1.1" 200 40 "http://localhost:3000/restaurants" "Mozilla/5.0 (Macintosh; Intel Mac OS X 10_14_5) AppleWebKit/537.36 (KHTML, like Gecko) Chrome/74.0.3729.169 Safari/537.36"
::1 - - [07/Jun/2019:01:46:39 +0000] "GET /restaurants HTTP/1.1" 304 - "-" "Mozilla/5.0 (Macintosh; Intel Mac OS X 10_14_5) AppleWebKit/537.36 (KHTML, like Gecko) Chrome/74.0.3729.169 Safari/537.36"
::1 - - [07/Jun/2019:01:46:39 +0000] "GET /favicon.ico HTTP/1.1" 200 40 "http://localhost:3000/restaurants" "Mozilla/5.0 (Macintosh; Intel Mac OS X 10_14_5) AppleWebKit/537.36 (KHTML, like Gecko) Chrome/74.0.3729.169 Safari/537.36"
::ffff:127.0.0.1 - - [07/Jun/2019:01:46:43 +0000] "DELETE /restaurants/grades/100/recipes/Marcus HTTP/1.1" 200 663 "-" "vscode-restclient"
::ffff:127.0.0.1 - - [07/Jun/2019:01:47:14 +0000] "DELETE /restaurants/grades/100/recipes/Marcus HTTP/1.1" 200 663 "-" "vscode-restclient"
::1 - - [07/Jun/2019:01:47:17 +0000] "GET /restaurants HTTP/1.1" 304 - "-" "Mozilla/5.0 (Macintosh; Intel Mac OS X 10_14_5) AppleWebKit/537.36 (KHTML, like Gecko) Chrome/74.0.3729.169 Safari/537.36"
::1 - - [07/Jun/2019:01:47:17 +0000] "GET /favicon.ico HTTP/1.1" 200 40 "http://localhost:3000/restaurants" "Mozilla/5.0 (Macintosh; Intel Mac OS X 10_14_5) AppleWebKit/537.36 (KHTML, like Gecko) Chrome/74.0.3729.169 Safari/537.36"
::ffff:127.0.0.1 - - [07/Jun/2019:01:47:30 +0000] "DELETE /restaurants/grades/100/recipes/Marcus HTTP/1.1" 200 743 "-" "vscode-restclient"
::1 - - [07/Jun/2019:01:47:32 +0000] "GET /restaurants HTTP/1.1" 304 - "-" "Mozilla/5.0 (Macintosh; Intel Mac OS X 10_14_5) AppleWebKit/537.36 (KHTML, like Gecko) Chrome/74.0.3729.169 Safari/537.36"
::1 - - [07/Jun/2019:01:47:32 +0000] "GET /favicon.ico HTTP/1.1" 200 40 "http://localhost:3000/restaurants" "Mozilla/5.0 (Macintosh; Intel Mac OS X 10_14_5) AppleWebKit/537.36 (KHTML, like Gecko) Chrome/74.0.3729.169 Safari/537.36"
::ffff:127.0.0.1 - - [07/Jun/2019:02:04:04 +0000] "DELETE /restaurants/grades/100/recipes/Marcus HTTP/1.1" 200 663 "-" "vscode-restclient"
::1 - - [07/Jun/2019:02:04:07 +0000] "GET /restaurants HTTP/1.1" 304 - "-" "Mozilla/5.0 (Macintosh; Intel Mac OS X 10_14_5) AppleWebKit/537.36 (KHTML, like Gecko) Chrome/74.0.3729.169 Safari/537.36"
::1 - - [07/Jun/2019:02:04:07 +0000] "GET /favicon.ico HTTP/1.1" 200 40 "http://localhost:3000/restaurants" "Mozilla/5.0 (Macintosh; Intel Mac OS X 10_14_5) AppleWebKit/537.36 (KHTML, like Gecko) Chrome/74.0.3729.169 Safari/537.36"
::1 - - [07/Jun/2019:02:04:09 +0000] "GET /restaurants HTTP/1.1" 304 - "-" "Mozilla/5.0 (Macintosh; Intel Mac OS X 10_14_5) AppleWebKit/537.36 (KHTML, like Gecko) Chrome/74.0.3729.169 Safari/537.36"
::1 - - [07/Jun/2019:02:04:09 +0000] "GET /favicon.ico HTTP/1.1" 200 40 "http://localhost:3000/restaurants" "Mozilla/5.0 (Macintosh; Intel Mac OS X 10_14_5) AppleWebKit/537.36 (KHTML, like Gecko) Chrome/74.0.3729.169 Safari/537.36"
::ffff:127.0.0.1 - - [07/Jun/2019:02:05:26 +0000] "DELETE /restaurants/grades/100/recipes/Marcus HTTP/1.1" 200 663 "-" "vscode-restclient"
::1 - - [07/Jun/2019:02:05:29 +0000] "GET /restaurants HTTP/1.1" 304 - "-" "Mozilla/5.0 (Macintosh; Intel Mac OS X 10_14_5) AppleWebKit/537.36 (KHTML, like Gecko) Chrome/74.0.3729.169 Safari/537.36"
::1 - - [07/Jun/2019:02:05:29 +0000] "GET /favicon.ico HTTP/1.1" 200 40 "http://localhost:3000/restaurants" "Mozilla/5.0 (Macintosh; Intel Mac OS X 10_14_5) AppleWebKit/537.36 (KHTML, like Gecko) Chrome/74.0.3729.169 Safari/537.36"
::ffff:127.0.0.1 - - [07/Jun/2019:02:07:49 +0000] "DELETE /restaurants/grades/100/recipes/Marcus HTTP/1.1" 200 663 "-" "vscode-restclient"
::1 - - [07/Jun/2019:02:07:53 +0000] "GET /restaurants HTTP/1.1" 304 - "-" "Mozilla/5.0 (Macintosh; Intel Mac OS X 10_14_5) AppleWebKit/537.36 (KHTML, like Gecko) Chrome/74.0.3729.169 Safari/537.36"
::1 - - [07/Jun/2019:02:07:53 +0000] "GET /favicon.ico HTTP/1.1" 200 40 "http://localhost:3000/restaurants" "Mozilla/5.0 (Macintosh; Intel Mac OS X 10_14_5) AppleWebKit/537.36 (KHTML, like Gecko) Chrome/74.0.3729.169 Safari/537.36"
::1 - - [07/Jun/2019:02:08:10 +0000] "GET /restaurants HTTP/1.1" 304 - "-" "Mozilla/5.0 (Macintosh; Intel Mac OS X 10_14_5) AppleWebKit/537.36 (KHTML, like Gecko) Chrome/74.0.3729.169 Safari/537.36"
::1 - - [07/Jun/2019:02:08:10 +0000] "GET /favicon.ico HTTP/1.1" 200 40 "http://localhost:3000/restaurants" "Mozilla/5.0 (Macintosh; Intel Mac OS X 10_14_5) AppleWebKit/537.36 (KHTML, like Gecko) Chrome/74.0.3729.169 Safari/537.36"
::ffff:127.0.0.1 - - [07/Jun/2019:02:08:15 +0000] "DELETE /restaurants/grades/100/recipes/Marcus HTTP/1.1" 200 663 "-" "vscode-restclient"
::1 - - [07/Jun/2019:02:08:17 +0000] "GET /restaurants HTTP/1.1" 304 - "-" "Mozilla/5.0 (Macintosh; Intel Mac OS X 10_14_5) AppleWebKit/537.36 (KHTML, like Gecko) Chrome/74.0.3729.169 Safari/537.36"
::1 - - [07/Jun/2019:02:08:18 +0000] "GET /favicon.ico HTTP/1.1" 200 40 "http://localhost:3000/restaurants" "Mozilla/5.0 (Macintosh; Intel Mac OS X 10_14_5) AppleWebKit/537.36 (KHTML, like Gecko) Chrome/74.0.3729.169 Safari/537.36"
::ffff:127.0.0.1 - - [07/Jun/2019:02:08:38 +0000] "DELETE /restaurants/grades/100/recipes/Marcus HTTP/1.1" 200 663 "-" "vscode-restclient"
::ffff:127.0.0.1 - - [07/Jun/2019:02:09:20 +0000] "DELETE /restaurants/grades/100/recipes/Marcus HTTP/1.1" 200 663 "-" "vscode-restclient"
::1 - - [07/Jun/2019:02:09:24 +0000] "GET /restaurants HTTP/1.1" 304 - "-" "Mozilla/5.0 (Macintosh; Intel Mac OS X 10_14_5) AppleWebKit/537.36 (KHTML, like Gecko) Chrome/74.0.3729.169 Safari/537.36"
::1 - - [07/Jun/2019:02:09:24 +0000] "GET /favicon.ico HTTP/1.1" 200 40 "http://localhost:3000/restaurants" "Mozilla/5.0 (Macintosh; Intel Mac OS X 10_14_5) AppleWebKit/537.36 (KHTML, like Gecko) Chrome/74.0.3729.169 Safari/537.36"
::ffff:127.0.0.1 - - [07/Jun/2019:02:12:08 +0000] "DELETE /restaurants/grades/100/recipes/Marcus HTTP/1.1" 200 663 "-" "vscode-restclient"
::1 - - [07/Jun/2019:02:12:13 +0000] "GET /restaurants HTTP/1.1" 304 - "-" "Mozilla/5.0 (Macintosh; Intel Mac OS X 10_14_5) AppleWebKit/537.36 (KHTML, like Gecko) Chrome/74.0.3729.169 Safari/537.36"
::1 - - [07/Jun/2019:02:12:13 +0000] "GET /favicon.ico HTTP/1.1" 200 40 "http://localhost:3000/restaurants" "Mozilla/5.0 (Macintosh; Intel Mac OS X 10_14_5) AppleWebKit/537.36 (KHTML, like Gecko) Chrome/74.0.3729.169 Safari/537.36"
::ffff:127.0.0.1 - - [07/Jun/2019:02:18:15 +0000] "DELETE /restaurants/grades/100/recipes/Marcus HTTP/1.1" 200 663 "-" "vscode-restclient"
::1 - - [07/Jun/2019:02:18:21 +0000] "GET /restaurants HTTP/1.1" 304 - "-" "Mozilla/5.0 (Macintosh; Intel Mac OS X 10_14_5) AppleWebKit/537.36 (KHTML, like Gecko) Chrome/74.0.3729.169 Safari/537.36"
::1 - - [07/Jun/2019:02:18:21 +0000] "GET /favicon.ico HTTP/1.1" 200 40 "http://localhost:3000/restaurants" "Mozilla/5.0 (Macintosh; Intel Mac OS X 10_14_5) AppleWebKit/537.36 (KHTML, like Gecko) Chrome/74.0.3729.169 Safari/537.36"
::ffff:127.0.0.1 - - [07/Jun/2019:02:18:48 +0000] "DELETE /restaurants/grades/100/recipes/Marcus HTTP/1.1" 200 734 "-" "vscode-restclient"
::1 - - [07/Jun/2019:02:18:52 +0000] "GET /restaurants HTTP/1.1" 304 - "-" "Mozilla/5.0 (Macintosh; Intel Mac OS X 10_14_5) AppleWebKit/537.36 (KHTML, like Gecko) Chrome/74.0.3729.169 Safari/537.36"
::1 - - [07/Jun/2019:02:18:52 +0000] "GET /favicon.ico HTTP/1.1" 200 40 "http://localhost:3000/restaurants" "Mozilla/5.0 (Macintosh; Intel Mac OS X 10_14_5) AppleWebKit/537.36 (KHTML, like Gecko) Chrome/74.0.3729.169 Safari/537.36"
::ffff:127.0.0.1 - - [07/Jun/2019:02:20:44 +0000] "DELETE /restaurants/grades/100/recipes/Marcus HTTP/1.1" 200 734 "-" "vscode-restclient"
::1 - - [07/Jun/2019:02:20:53 +0000] "GET /restaurants HTTP/1.1" 200 1546 "-" "Mozilla/5.0 (Macintosh; Intel Mac OS X 10_14_5) AppleWebKit/537.36 (KHTML, like Gecko) Chrome/74.0.3729.169 Safari/537.36"
::1 - - [07/Jun/2019:02:20:53 +0000] "GET /favicon.ico HTTP/1.1" 200 40 "http://localhost:3000/restaurants" "Mozilla/5.0 (Macintosh; Intel Mac OS X 10_14_5) AppleWebKit/537.36 (KHTML, like Gecko) Chrome/74.0.3729.169 Safari/537.36"
::ffff:127.0.0.1 - - [07/Jun/2019:02:23:11 +0000] "DELETE /restaurants/grades/100/recipes/Marcus HTTP/1.1" 200 734 "-" "vscode-restclient"
::1 - - [07/Jun/2019:02:23:17 +0000] "GET /restaurants HTTP/1.1" 200 1498 "-" "Mozilla/5.0 (Macintosh; Intel Mac OS X 10_14_5) AppleWebKit/537.36 (KHTML, like Gecko) Chrome/74.0.3729.169 Safari/537.36"
::1 - - [07/Jun/2019:02:23:17 +0000] "GET /favicon.ico HTTP/1.1" 200 40 "http://localhost:3000/restaurants" "Mozilla/5.0 (Macintosh; Intel Mac OS X 10_14_5) AppleWebKit/537.36 (KHTML, like Gecko) Chrome/74.0.3729.169 Safari/537.36"
::ffff:127.0.0.1 - - [07/Jun/2019:02:25:01 +0000] "DELETE /restaurants/grades/100/recipes/Marcus HTTP/1.1" 200 734 "-" "vscode-restclient"
::1 - - [07/Jun/2019:02:25:06 +0000] "GET /restaurants HTTP/1.1" 304 - "-" "Mozilla/5.0 (Macintosh; Intel Mac OS X 10_14_5) AppleWebKit/537.36 (KHTML, like Gecko) Chrome/74.0.3729.169 Safari/537.36"
::1 - - [07/Jun/2019:02:25:06 +0000] "GET /favicon.ico HTTP/1.1" 200 40 "http://localhost:3000/restaurants" "Mozilla/5.0 (Macintosh; Intel Mac OS X 10_14_5) AppleWebKit/537.36 (KHTML, like Gecko) Chrome/74.0.3729.169 Safari/537.36"
::ffff:127.0.0.1 - - [07/Jun/2019:02:25:35 +0000] "DELETE /restaurants/grades/100/recipes/Marcus HTTP/1.1" 200 734 "-" "vscode-restclient"
::1 - - [07/Jun/2019:02:25:41 +0000] "GET /restaurants HTTP/1.1" 304 - "-" "Mozilla/5.0 (Macintosh; Intel Mac OS X 10_14_5) AppleWebKit/537.36 (KHTML, like Gecko) Chrome/74.0.3729.169 Safari/537.36"
::1 - - [07/Jun/2019:02:25:41 +0000] "GET /favicon.ico HTTP/1.1" 200 40 "http://localhost:3000/restaurants" "Mozilla/5.0 (Macintosh; Intel Mac OS X 10_14_5) AppleWebKit/537.36 (KHTML, like Gecko) Chrome/74.0.3729.169 Safari/537.36"
::ffff:127.0.0.1 - - [07/Jun/2019:02:33:16 +0000] "DELETE /restaurants/grades/recipes/Jhon HTTP/1.1" 200 734 "-" "vscode-restclient"
::1 - - [07/Jun/2019:02:33:19 +0000] "GET /restaurants HTTP/1.1" 200 1454 "-" "Mozilla/5.0 (Macintosh; Intel Mac OS X 10_14_5) AppleWebKit/537.36 (KHTML, like Gecko) Chrome/74.0.3729.169 Safari/537.36"
::1 - - [07/Jun/2019:02:33:19 +0000] "GET /favicon.ico HTTP/1.1" 200 40 "http://localhost:3000/restaurants" "Mozilla/5.0 (Macintosh; Intel Mac OS X 10_14_5) AppleWebKit/537.36 (KHTML, like Gecko) Chrome/74.0.3729.169 Safari/537.36"
::ffff:127.0.0.1 - - [07/Jun/2019:02:34:09 +0000] "DELETE /restaurants/grades/recipes/Jhon HTTP/1.1" 200 734 "-" "vscode-restclient"
::ffff:127.0.0.1 - - [07/Jun/2019:02:34:47 +0000] "DELETE /restaurants/grades/recipes/Jhon HTTP/1.1" 200 734 "-" "vscode-restclient"
::1 - - [07/Jun/2019:02:34:49 +0000] "GET /restaurants HTTP/1.1" 200 1410 "-" "Mozilla/5.0 (Macintosh; Intel Mac OS X 10_14_5) AppleWebKit/537.36 (KHTML, like Gecko) Chrome/74.0.3729.169 Safari/537.36"
::1 - - [07/Jun/2019:02:34:50 +0000] "GET /favicon.ico HTTP/1.1" 200 40 "http://localhost:3000/restaurants" "Mozilla/5.0 (Macintosh; Intel Mac OS X 10_14_5) AppleWebKit/537.36 (KHTML, like Gecko) Chrome/74.0.3729.169 Safari/537.36"
::ffff:127.0.0.1 - - [07/Jun/2019:02:35:33 +0000] "DELETE /restaurants/grades/recipes/Peter HTTP/1.1" 200 734 "-" "vscode-restclient"
::1 - - [07/Jun/2019:02:35:34 +0000] "GET /restaurants HTTP/1.1" 200 1366 "-" "Mozilla/5.0 (Macintosh; Intel Mac OS X 10_14_5) AppleWebKit/537.36 (KHTML, like Gecko) Chrome/74.0.3729.169 Safari/537.36"
::1 - - [07/Jun/2019:02:35:35 +0000] "GET /favicon.ico HTTP/1.1" 200 40 "http://localhost:3000/restaurants" "Mozilla/5.0 (Macintosh; Intel Mac OS X 10_14_5) AppleWebKit/537.36 (KHTML, like Gecko) Chrome/74.0.3729.169 Safari/537.36"
::1 - - [07/Jun/2019:03:17:31 +0000] "GET /restaurants HTTP/1.1" 304 - "-" "Mozilla/5.0 (Macintosh; Intel Mac OS X 10_14_5) AppleWebKit/537.36 (KHTML, like Gecko) Chrome/74.0.3729.169 Safari/537.36"
::1 - - [07/Jun/2019:03:17:31 +0000] "GET /favicon.ico HTTP/1.1" 200 40 "http://localhost:3000/restaurants" "Mozilla/5.0 (Macintosh; Intel Mac OS X 10_14_5) AppleWebKit/537.36 (KHTML, like Gecko) Chrome/74.0.3729.169 Safari/537.36"
::1 - - [07/Jun/2019:03:19:30 +0000] "GET /restaurants HTTP/1.1" 304 - "-" "Mozilla/5.0 (Macintosh; Intel Mac OS X 10_14_5) AppleWebKit/537.36 (KHTML, like Gecko) Chrome/74.0.3729.169 Safari/537.36"
::1 - - [07/Jun/2019:03:19:31 +0000] "GET /favicon.ico HTTP/1.1" 200 40 "http://localhost:3000/restaurants" "Mozilla/5.0 (Macintosh; Intel Mac OS X 10_14_5) AppleWebKit/537.36 (KHTML, like Gecko) Chrome/74.0.3729.169 Safari/537.36"
::1 - - [07/Jun/2019:03:19:42 +0000] "GET /restaurants HTTP/1.1" 304 - "-" "Mozilla/5.0 (Macintosh; Intel Mac OS X 10_14_5) AppleWebKit/537.36 (KHTML, like Gecko) Chrome/74.0.3729.169 Safari/537.36"
::1 - - [07/Jun/2019:03:19:42 +0000] "GET /favicon.ico HTTP/1.1" 200 40 "http://localhost:3000/restaurants" "Mozilla/5.0 (Macintosh; Intel Mac OS X 10_14_5) AppleWebKit/537.36 (KHTML, like Gecko) Chrome/74.0.3729.169 Safari/537.36"
::1 - - [07/Jun/2019:03:19:55 +0000] "GET /restaurants HTTP/1.1" 304 - "-" "Mozilla/5.0 (Macintosh; Intel Mac OS X 10_14_5) AppleWebKit/537.36 (KHTML, like Gecko) Chrome/74.0.3729.169 Safari/537.36"
::1 - - [07/Jun/2019:03:19:55 +0000] "GET /favicon.ico HTTP/1.1" 200 40 "http://localhost:3000/restaurants" "Mozilla/5.0 (Macintosh; Intel Mac OS X 10_14_5) AppleWebKit/537.36 (KHTML, like Gecko) Chrome/74.0.3729.169 Safari/537.36"
::1 - - [07/Jun/2019:03:21:11 +0000] "GET /restaurants HTTP/1.1" 200 2 "-" "Mozilla/5.0 (Macintosh; Intel Mac OS X 10_14_5) AppleWebKit/537.36 (KHTML, like Gecko) Chrome/74.0.3729.169 Safari/537.36"
::1 - - [07/Jun/2019:03:21:11 +0000] "GET /favicon.ico HTTP/1.1" 200 40 "http://localhost:3000/restaurants" "Mozilla/5.0 (Macintosh; Intel Mac OS X 10_14_5) AppleWebKit/537.36 (KHTML, like Gecko) Chrome/74.0.3729.169 Safari/537.36"
::1 - - [07/Jun/2019:03:21:12 +0000] "GET /restaurants HTTP/1.1" 304 - "-" "Mozilla/5.0 (Macintosh; Intel Mac OS X 10_14_5) AppleWebKit/537.36 (KHTML, like Gecko) Chrome/74.0.3729.169 Safari/537.36"
::1 - - [07/Jun/2019:03:21:13 +0000] "GET /favicon.ico HTTP/1.1" 304 - "http://localhost:3000/restaurants" "Mozilla/5.0 (Macintosh; Intel Mac OS X 10_14_5) AppleWebKit/537.36 (KHTML, like Gecko) Chrome/74.0.3729.169 Safari/537.36"
::1 - - [07/Jun/2019:03:21:17 +0000] "GET /restaurants HTTP/1.1" 200 5337 "-" "Mozilla/5.0 (Macintosh; Intel Mac OS X 10_14_5) AppleWebKit/537.36 (KHTML, like Gecko) Chrome/74.0.3729.169 Safari/537.36"
::1 - - [07/Jun/2019:03:21:17 +0000] "GET /favicon.ico HTTP/1.1" 200 40 "http://localhost:3000/restaurants" "Mozilla/5.0 (Macintosh; Intel Mac OS X 10_14_5) AppleWebKit/537.36 (KHTML, like Gecko) Chrome/74.0.3729.169 Safari/537.36"
::1 - - [07/Jun/2019:03:22:15 +0000] "GET /restaurants HTTP/1.1" 200 474 "-" "Mozilla/5.0 (Macintosh; Intel Mac OS X 10_14_5) AppleWebKit/537.36 (KHTML, like Gecko) Chrome/74.0.3729.169 Safari/537.36"
::1 - - [07/Jun/2019:03:22:16 +0000] "GET /favicon.ico HTTP/1.1" 200 40 "http://localhost:3000/restaurants" "Mozilla/5.0 (Macintosh; Intel Mac OS X 10_14_5) AppleWebKit/537.36 (KHTML, like Gecko) Chrome/74.0.3729.169 Safari/537.36"
::1 - - [07/Jun/2019:03:30:20 +0000] "GET /restaurants HTTP/1.1" 304 - "-" "Mozilla/5.0 (Macintosh; Intel Mac OS X 10_14_5) AppleWebKit/537.36 (KHTML, like Gecko) Chrome/74.0.3729.169 Safari/537.36"
::1 - - [07/Jun/2019:03:30:20 +0000] "GET /favicon.ico HTTP/1.1" 200 40 "http://localhost:3000/restaurants" "Mozilla/5.0 (Macintosh; Intel Mac OS X 10_14_5) AppleWebKit/537.36 (KHTML, like Gecko) Chrome/74.0.3729.169 Safari/537.36"
::1 - - [07/Jun/2019:03:30:22 +0000] "GET /restaurants HTTP/1.1" 304 - "-" "Mozilla/5.0 (Macintosh; Intel Mac OS X 10_14_5) AppleWebKit/537.36 (KHTML, like Gecko) Chrome/74.0.3729.169 Safari/537.36"
::1 - - [07/Jun/2019:03:30:23 +0000] "GET /favicon.ico HTTP/1.1" 200 40 "http://localhost:3000/restaurants" "Mozilla/5.0 (Macintosh; Intel Mac OS X 10_14_5) AppleWebKit/537.36 (KHTML, like Gecko) Chrome/74.0.3729.169 Safari/537.36"
::1 - - [07/Jun/2019:03:30:27 +0000] "GET /restaurants HTTP/1.1" 304 - "-" "Mozilla/5.0 (Macintosh; Intel Mac OS X 10_14_5) AppleWebKit/537.36 (KHTML, like Gecko) Chrome/74.0.3729.169 Safari/537.36"
::1 - - [07/Jun/2019:03:30:27 +0000] "GET /favicon.ico HTTP/1.1" 304 - "http://localhost:3000/restaurants" "Mozilla/5.0 (Macintosh; Intel Mac OS X 10_14_5) AppleWebKit/537.36 (KHTML, like Gecko) Chrome/74.0.3729.169 Safari/537.36"
::1 - - [07/Jun/2019:03:30:58 +0000] "GET /restaurants HTTP/1.1" 304 - "-" "Mozilla/5.0 (Macintosh; Intel Mac OS X 10_14_5) AppleWebKit/537.36 (KHTML, like Gecko) Chrome/74.0.3729.169 Safari/537.36"
::1 - - [07/Jun/2019:03:30:58 +0000] "GET /favicon.ico HTTP/1.1" 200 40 "http://localhost:3000/restaurants" "Mozilla/5.0 (Macintosh; Intel Mac OS X 10_14_5) AppleWebKit/537.36 (KHTML, like Gecko) Chrome/74.0.3729.169 Safari/537.36"
::1 - - [07/Jun/2019:03:32:20 +0000] "GET /restaurants HTTP/1.1" 304 - "-" "Mozilla/5.0 (Macintosh; Intel Mac OS X 10_14_5) AppleWebKit/537.36 (KHTML, like Gecko) Chrome/74.0.3729.169 Safari/537.36"
::1 - - [07/Jun/2019:03:32:20 +0000] "GET /favicon.ico HTTP/1.1" 304 - "http://localhost:3000/restaurants" "Mozilla/5.0 (Macintosh; Intel Mac OS X 10_14_5) AppleWebKit/537.36 (KHTML, like Gecko) Chrome/74.0.3729.169 Safari/537.36"
::1 - - [07/Jun/2019:03:32:27 +0000] "GET /restaurants HTTP/1.1" 200 5337 "-" "Mozilla/5.0 (Macintosh; Intel Mac OS X 10_14_5) AppleWebKit/537.36 (KHTML, like Gecko) Chrome/74.0.3729.169 Safari/537.36"
::1 - - [07/Jun/2019:03:32:28 +0000] "GET /favicon.ico HTTP/1.1" 200 40 "http://localhost:3000/restaurants" "Mozilla/5.0 (Macintosh; Intel Mac OS X 10_14_5) AppleWebKit/537.36 (KHTML, like Gecko) Chrome/74.0.3729.169 Safari/537.36"
